23:38:51 **** Incremental Build of configuration Debug for project Discovery_Rash_Driving_Detection ****
make -j16 all 
arm-none-eabi-gcc "../Core/Src/main.c" -mcpu=cortex-m4 -std=gnu11 -g3 -DDEBUG -DUSE_HAL_DRIVER -DSTM32F407xx -c -I"C:/Users/bhavy/Desktop/EduHack Project Files/STM32/Discovery_Rash_Driving_Detection/NanoEdgeAI/Inc" -I../USB_HOST/App -I../USB_HOST/Target -I../Core/Inc -I../Drivers/STM32F4xx_HAL_Driver/Inc -I../Drivers/STM32F4xx_HAL_Driver/Inc/Legacy -I../Middlewares/ST/STM32_USB_Host_Library/Core/Inc -I../Middlewares/ST/STM32_USB_Host_Library/Class/CDC/Inc -I../Drivers/CMSIS/Device/ST/STM32F4xx/Include -I../Drivers/CMSIS/Include -O0 -ffunction-sections -fdata-sections -Wall -fstack-usage -fcyclomatic-complexity -MMD -MP -MF"Core/Src/main.d" -MT"Core/Src/main.o" --specs=nano.specs -mfpu=fpv4-sp-d16 -mfloat-abi=hard -mthumb -o "Core/Src/main.o"
arm-none-eabi-gcc -o "Discovery_Rash_Driving_Detection.elf" @"objects.list"  -lneai -mcpu=cortex-m4 -T"C:\Users\bhavy\Desktop\EduHack Project Files\STM32\Discovery_Rash_Driving_Detection\STM32F407VGTX_FLASH.ld" --specs=nosys.specs -Wl,-Map="Discovery_Rash_Driving_Detection.map" -Wl,--gc-sections -static -L"C:\Users\bhavy\Desktop\EduHack Project Files\STM32\Discovery_Rash_Driving_Detection\NanoEdgeAI\Lib" --specs=nano.specs -mfpu=fpv4-sp-d16 -mfloat-abi=hard -mthumb -Wl,--start-group -lc -lm -Wl,--end-group
Finished building target: Discovery_Rash_Driving_Detection.elf
 
arm-none-eabi-size   Discovery_Rash_Driving_Detection.elf 
arm-none-eabi-objdump -h -S  Discovery_Rash_Driving_Detection.elf  > "Discovery_Rash_Driving_Detection.list"
   text	   data	    bss	    dec	    hex	filename
  51344	    508	   6932	  58784	   e5a0	Discovery_Rash_Driving_Detection.elf
Finished building: default.size.stdout
 
Finished building: Discovery_Rash_Driving_Detection.list
 
23:38:54 **** Incremental Build of configuration Debug for project Discovery_Rash_Driving_Detection ****
make -j16 all 
arm-none-eabi-size   Discovery_Rash_Driving_Detection.elf 
   text	   data	    bss	    dec	    hex	filename
  51344	    508	   6932	  58784	   e5a0	Discovery_Rash_Driving_Detection.elf
Finished building: default.size.stdout
 
