Archive member included to satisfy reference by file (symbol)

C:\Users\bhavy\Desktop\EduHack Project Files\STM32\Discovery_Rash_Driving_Detection\NanoEdgeAI\Lib\libneai.a(NanoEdgeAI.o)
                              ./Core/Src/main.o (neai_anomalydetection_init)
C:/ST/STM32CubeIDE_1.13.0/STM32CubeIDE/plugins/com.st.stm32cube.ide.mcu.externaltools.gnu-tools-for-stm32.11.3.rel1.win32_1.1.0.202305231506/tools/bin/../lib/gcc/arm-none-eabi/11.3.1/../../../../arm-none-eabi/lib/thumb/v7e-m+fp/hard\libc_nano.a(libc_a-exit.o)
                              C:/ST/STM32CubeIDE_1.13.0/STM32CubeIDE/plugins/com.st.stm32cube.ide.mcu.externaltools.gnu-tools-for-stm32.11.3.rel1.win32_1.1.0.202305231506/tools/bin/../lib/gcc/arm-none-eabi/11.3.1/../../../../arm-none-eabi/lib/thumb/v7e-m+fp/hard/crt0.o (exit)
C:/ST/STM32CubeIDE_1.13.0/STM32CubeIDE/plugins/com.st.stm32cube.ide.mcu.externaltools.gnu-tools-for-stm32.11.3.rel1.win32_1.1.0.202305231506/tools/bin/../lib/gcc/arm-none-eabi/11.3.1/../../../../arm-none-eabi/lib/thumb/v7e-m+fp/hard\libc_nano.a(libc_a-malloc.o)
                              ./Middlewares/ST/STM32_USB_Host_Library/Class/CDC/Src/usbh_cdc.o (malloc)
C:/ST/STM32CubeIDE_1.13.0/STM32CubeIDE/plugins/com.st.stm32cube.ide.mcu.externaltools.gnu-tools-for-stm32.11.3.rel1.win32_1.1.0.202305231506/tools/bin/../lib/gcc/arm-none-eabi/11.3.1/../../../../arm-none-eabi/lib/thumb/v7e-m+fp/hard\libc_nano.a(libc_a-mallocr.o)
                              C:/ST/STM32CubeIDE_1.13.0/STM32CubeIDE/plugins/com.st.stm32cube.ide.mcu.externaltools.gnu-tools-for-stm32.11.3.rel1.win32_1.1.0.202305231506/tools/bin/../lib/gcc/arm-none-eabi/11.3.1/../../../../arm-none-eabi/lib/thumb/v7e-m+fp/hard\libc_nano.a(libc_a-malloc.o) (_malloc_r)
C:/ST/STM32CubeIDE_1.13.0/STM32CubeIDE/plugins/com.st.stm32cube.ide.mcu.externaltools.gnu-tools-for-stm32.11.3.rel1.win32_1.1.0.202305231506/tools/bin/../lib/gcc/arm-none-eabi/11.3.1/../../../../arm-none-eabi/lib/thumb/v7e-m+fp/hard\libc_nano.a(libc_a-mlock.o)
                              C:/ST/STM32CubeIDE_1.13.0/STM32CubeIDE/plugins/com.st.stm32cube.ide.mcu.externaltools.gnu-tools-for-stm32.11.3.rel1.win32_1.1.0.202305231506/tools/bin/../lib/gcc/arm-none-eabi/11.3.1/../../../../arm-none-eabi/lib/thumb/v7e-m+fp/hard\libc_nano.a(libc_a-mallocr.o) (__malloc_lock)
C:/ST/STM32CubeIDE_1.13.0/STM32CubeIDE/plugins/com.st.stm32cube.ide.mcu.externaltools.gnu-tools-for-stm32.11.3.rel1.win32_1.1.0.202305231506/tools/bin/../lib/gcc/arm-none-eabi/11.3.1/../../../../arm-none-eabi/lib/thumb/v7e-m+fp/hard\libc_nano.a(libc_a-findfp.o)
                              C:/ST/STM32CubeIDE_1.13.0/STM32CubeIDE/plugins/com.st.stm32cube.ide.mcu.externaltools.gnu-tools-for-stm32.11.3.rel1.win32_1.1.0.202305231506/tools/bin/../lib/gcc/arm-none-eabi/11.3.1/../../../../arm-none-eabi/lib/thumb/v7e-m+fp/hard\libc_nano.a(libc_a-exit.o) (__stdio_exit_handler)
C:/ST/STM32CubeIDE_1.13.0/STM32CubeIDE/plugins/com.st.stm32cube.ide.mcu.externaltools.gnu-tools-for-stm32.11.3.rel1.win32_1.1.0.202305231506/tools/bin/../lib/gcc/arm-none-eabi/11.3.1/../../../../arm-none-eabi/lib/thumb/v7e-m+fp/hard\libc_nano.a(libc_a-fwalk.o)
                              C:/ST/STM32CubeIDE_1.13.0/STM32CubeIDE/plugins/com.st.stm32cube.ide.mcu.externaltools.gnu-tools-for-stm32.11.3.rel1.win32_1.1.0.202305231506/tools/bin/../lib/gcc/arm-none-eabi/11.3.1/../../../../arm-none-eabi/lib/thumb/v7e-m+fp/hard\libc_nano.a(libc_a-findfp.o) (_fwalk_sglue)
C:/ST/STM32CubeIDE_1.13.0/STM32CubeIDE/plugins/com.st.stm32cube.ide.mcu.externaltools.gnu-tools-for-stm32.11.3.rel1.win32_1.1.0.202305231506/tools/bin/../lib/gcc/arm-none-eabi/11.3.1/../../../../arm-none-eabi/lib/thumb/v7e-m+fp/hard\libc_nano.a(libc_a-printf.o)
                              ./Core/Src/main.o (printf)
C:/ST/STM32CubeIDE_1.13.0/STM32CubeIDE/plugins/com.st.stm32cube.ide.mcu.externaltools.gnu-tools-for-stm32.11.3.rel1.win32_1.1.0.202305231506/tools/bin/../lib/gcc/arm-none-eabi/11.3.1/../../../../arm-none-eabi/lib/thumb/v7e-m+fp/hard\libc_nano.a(libc_a-puts.o)
                              ./Core/Src/main.o (puts)
C:/ST/STM32CubeIDE_1.13.0/STM32CubeIDE/plugins/com.st.stm32cube.ide.mcu.externaltools.gnu-tools-for-stm32.11.3.rel1.win32_1.1.0.202305231506/tools/bin/../lib/gcc/arm-none-eabi/11.3.1/../../../../arm-none-eabi/lib/thumb/v7e-m+fp/hard\libc_nano.a(libc_a-stdio.o)
                              C:/ST/STM32CubeIDE_1.13.0/STM32CubeIDE/plugins/com.st.stm32cube.ide.mcu.externaltools.gnu-tools-for-stm32.11.3.rel1.win32_1.1.0.202305231506/tools/bin/../lib/gcc/arm-none-eabi/11.3.1/../../../../arm-none-eabi/lib/thumb/v7e-m+fp/hard\libc_nano.a(libc_a-findfp.o) (__sread)
C:/ST/STM32CubeIDE_1.13.0/STM32CubeIDE/plugins/com.st.stm32cube.ide.mcu.externaltools.gnu-tools-for-stm32.11.3.rel1.win32_1.1.0.202305231506/tools/bin/../lib/gcc/arm-none-eabi/11.3.1/../../../../arm-none-eabi/lib/thumb/v7e-m+fp/hard\libc_nano.a(libc_a-wbuf.o)
[...]
Memory Configuration

Name             Origin             Length             Attributes
CCMRAM           0x0000000010000000 0x0000000000010000 xrw
RAM              0x0000000020000000 0x0000000000020000 xrw
FLASH            0x0000000008000000 0x0000000000100000 xr
*default*        0x0000000000000000 0xffffffffffffffff

Linker script and memory map

LOAD C:/ST/STM32CubeIDE_1.13.0/STM32CubeIDE/plugins/com.st.stm32cube.ide.mcu.externaltools.gnu-tools-for-stm32.11.3.rel1.win32_1.1.0.202305231506/tools/bin/../lib/gcc/arm-none-eabi/11.3.1/thumb/v7e-m+fp/hard/crti.o
LOAD C:/ST/STM32CubeIDE_1.13.0/STM32CubeIDE/plugins/com.st.stm32cube.ide.mcu.externaltools.gnu-tools-for-stm32.11.3.rel1.win32_1.1.0.202305231506/tools/bin/../lib/gcc/arm-none-eabi/11.3.1/thumb/v7e-m+fp/hard/crtbegin.o
LOAD C:/ST/STM32CubeIDE_1.13.0/STM32CubeIDE/plugins/com.st.stm32cube.ide.mcu.externaltools.gnu-tools-for-stm32.11.3.rel1.win32_1.1.0.202305231506/tools/bin/../lib/gcc/arm-none-eabi/11.3.1/../../../../arm-none-eabi/lib/thumb/v7e-m+fp/hard/crt0.o
LOAD ./Core/Src/main.o
LOAD ./Core/Src/stm32f4xx_hal_msp.o
LOAD ./Core/Src/stm32f4xx_it.o
LOAD ./Core/Src/syscalls.o
LOAD ./Core/Src/sysmem.o
LOAD ./Core/Src/system_stm32f4xx.o
LOAD ./Core/Startup/startup_stm32f407vgtx.o
LOAD ./Drivers/STM32F4xx_HAL_Driver/Src/stm32f4xx_hal.o
LOAD ./Drivers/STM32F4xx_HAL_Driver/Src/stm32f4xx_hal_cortex.o
LOAD ./Drivers/STM32F4xx_HAL_Driver/Src/stm32f4xx_hal_dma.o
LOAD ./Drivers/STM32F4xx_HAL_Driver/Src/stm32f4xx_hal_dma_ex.o
LOAD ./Drivers/STM32F4xx_HAL_Driver/Src/stm32f4xx_hal_exti.o
LOAD ./Drivers/STM32F4xx_HAL_Driver/Src/stm32f4xx_hal_flash.o
LOAD ./Drivers/STM32F4xx_HAL_Driver/Src/stm32f4xx_hal_flash_ex.o
LOAD ./Drivers/STM32F4xx_HAL_Driver/Src/stm32f4xx_hal_flash_ramfunc.o
LOAD ./Drivers/STM32F4xx_HAL_Driver/Src/stm32f4xx_hal_gpio.o
LOAD ./Drivers/STM32F4xx_HAL_Driver/Src/stm32f4xx_hal_hcd.o
LOAD ./Drivers/STM32F4xx_HAL_Driver/Src/stm32f4xx_hal_i2c.o
LOAD ./Drivers/STM32F4xx_HAL_Driver/Src/stm32f4xx_hal_i2c_ex.o
LOAD ./Drivers/STM32F4xx_HAL_Driver/Src/stm32f4xx_hal_i2s.o
LOAD ./Drivers/STM32F4xx_HAL_Driver/Src/stm32f4xx_hal_i2s_ex.o
LOAD ./Drivers/STM32F4xx_HAL_Driver/Src/stm32f4xx_hal_pwr.o
LOAD ./Drivers/STM32F4xx_HAL_Driver/Src/stm32f4xx_hal_pwr_ex.o
LOAD ./Drivers/STM32F4xx_HAL_Driver/Src/stm32f4xx_hal_rcc.o
LOAD ./Drivers/STM32F4xx_HAL_Driver/Src/stm32f4xx_hal_rcc_ex.o
LOAD ./Drivers/STM32F4xx_HAL_Driver/Src/stm32f4xx_hal_spi.o
LOAD ./Drivers/STM32F4xx_HAL_Driver/Src/stm32f4xx_hal_tim.o
LOAD ./Drivers/STM32F4xx_HAL_Driver/Src/stm32f4xx_hal_tim_ex.o
LOAD ./Drivers/STM32F4xx_HAL_Driver/Src/stm32f4xx_hal_uart.o
LOAD ./Drivers/STM32F4xx_HAL_Driver/Src/stm32f4xx_ll_usb.o
LOAD ./Middlewares/ST/STM32_USB_Host_Library/Class/CDC/Src/usbh_cdc.o
LOAD ./Middlewares/ST/STM32_USB_Host_Library/Core/Src/usbh_core.o
LOAD ./Middlewares/ST/STM32_USB_Host_Library/Core/Src/usbh_ctlreq.o
LOAD ./Middlewares/ST/STM32_USB_Host_Library/Core/Src/usbh_ioreq.o
LOAD ./Middlewares/ST/STM32_USB_Host_Library/Core/Src/usbh_pipes.o
LOAD ./USB_HOST/App/usb_host.o
LOAD ./USB_HOST/Target/usbh_conf.o
LOAD ./USB_HOST/Target/usbh_platform.o
LOAD C:\Users\bhavy\Desktop\EduHack Project Files\STM32\Discovery_Rash_Driving_Detection\NanoEdgeAI\Lib\libneai.a
START GROUP
LOAD C:/ST/STM32CubeIDE_1.13.0/STM32CubeIDE/plugins/com.st.stm32cube.ide.mcu.externaltools.gnu-tools-for-stm32.11.3.rel1.win32_1.1.0.202305231506/tools/bin/../lib/gcc/arm-none-eabi/11.3.1/../../../../arm-none-eabi/lib/thumb/v7e-m+fp/hard\libc_nano.a
LOAD C:/ST/STM32CubeIDE_1.13.0/STM32CubeIDE/plugins/com.st.stm32cube.ide.mcu.externaltools.gnu-tools-for-stm32.11.3.rel1.win32_1.1.0.202305231506/tools/bin/../lib/gcc/arm-none-eabi/11.3.1/../../../../arm-none-eabi/lib/thumb/v7e-m+fp/hard\libm.a
END GROUP
START GROUP
LOAD C:/ST/STM32CubeIDE_1.13.0/STM32CubeIDE/plugins/com.st.stm32cube.ide.mcu.externaltools.gnu-tools-for-stm32.11.3.rel1.win32_1.1.0.202305231506/tools/bin/../lib/gcc/arm-none-eabi/11.3.1/thumb/v7e-m+fp/hard\libgcc.a
LOAD C:/ST/STM32CubeIDE_1.13.0/STM32CubeIDE/plugins/com.st.stm32cube.ide.mcu.externaltools.gnu-tools-for-stm32.11.3.rel1.win32_1.1.0.202305231506/tools/bin/../lib/gcc/arm-none-eabi/11.3.1/../../../../arm-none-eabi/lib/thumb/v7e-m+fp/hard\libc_nano.a
END GROUP
START GROUP
LOAD C:/ST/STM32CubeIDE_1.13.0/STM32CubeIDE/plugins/com.st.stm32cube.ide.mcu.externaltools.gnu-tools-for-stm32.11.3.rel1.win32_1.1.0.202305231506/tools/bin/../lib/gcc/arm-none-eabi/11.3.1/thumb/v7e-m+fp/hard\libgcc.a
LOAD C:/ST/STM32CubeIDE_1.13.0/STM32CubeIDE/plugins/com.st.stm32cube.ide.mcu.externaltools.gnu-tools-for-stm32.11.3.rel1.win32_1.1.0.202305231506/tools/bin/../lib/gcc/arm-none-eabi/11.3.1/../../../../arm-none-eabi/lib/thumb/v7e-m+fp/hard\libc_nano.a
LOAD C:/ST/STM32CubeIDE_1.13.0/STM32CubeIDE/plugins/com.st.stm32cube.ide.mcu.externaltools.gnu-tools-for-stm32.11.3.rel1.win32_1.1.0.202305231506/tools/bin/../lib/gcc/arm-none-eabi/11.3.1/../../../../arm-none-eabi/lib/thumb/v7e-m+fp/hard\libnosys.a
END GROUP
START GROUP
LOAD C:/ST/STM32CubeIDE_1.13.0/STM32CubeIDE/plugins/com.st.stm32cube.ide.mcu.externaltools.gnu-tools-for-stm32.11.3.rel1.win32_1.1.0.202305231506/tools/bin/../lib/gcc/arm-none-eabi/11.3.1/thumb/v7e-m+fp/hard\libgcc.a
LOAD C:/ST/STM32CubeIDE_1.13.0/STM32CubeIDE/plugins/com.st.stm32cube.ide.mcu.externaltools.gnu-tools-for-stm32.11.3.rel1.win32_1.1.0.202305231506/tools/bin/../lib/gcc/arm-none-eabi/11.3.1/../../../../arm-none-eabi/lib/thumb/v7e-m+fp/hard\libc_nano.a
LOAD C:/ST/STM32CubeIDE_1.13.0/STM32CubeIDE/plugins/com.st.stm32cube.ide.mcu.externaltools.gnu-tools-for-stm32.11.3.rel1.win32_1.1.0.202305231506/tools/bin/../lib/gcc/arm-none-eabi/11.3.1/../../../../arm-none-eabi/lib/thumb/v7e-m+fp/hard\libnosys.a
END GROUP
LOAD C:/ST/STM32CubeIDE_1.13.0/STM32CubeIDE/plugins/com.st.stm32cube.ide.mcu.externaltools.gnu-tools-for-stm32.11.3.rel1.win32_1.1.0.202305231506/tools/bin/../lib/gcc/arm-none-eabi/11.3.1/thumb/v7e-m+fp/hard/crtend.o
LOAD C:/ST/STM32CubeIDE_1.13.0/STM32CubeIDE/plugins/com.st.stm32cube.ide.mcu.externaltools.gnu-tools-for-stm32.11.3.rel1.win32_1.1.0.202305231506/tools/bin/../lib/gcc/arm-none-eabi/11.3.1/thumb/v7e-m+fp/hard/crtn.o
                0x0000000020020000                _estack = (ORIGIN (RAM) + LENGTH (RAM))
                0x0000000000000200                _Min_Heap_Size = 0x200
                0x0000000000000400                _Min_Stack_Size = 0x400

.isr_vector     0x0000000008000000      0x188
                0x0000000008000000                . = ALIGN (0x4)
 *(.isr_vector)
 .isr_vector    0x0000000008000000      0x188 ./Core/Startup/startup_stm32f407vgtx.o
                0x0000000008000000                g_pfnVectors
                0x0000000008000188                . = ALIGN (0x4)

.text           0x0000000008000190     0xc614
                0x0000000008000190                . = ALIGN (0x4)
 *(.text)
 .text          0x0000000008000190       0x40 C:/ST/STM32CubeIDE_1.13.0/STM32CubeIDE/plugins/com.st.stm32cube.ide.mcu.externaltools.gnu-tools-for-stm32.11.3.rel1.win32_1.1.0.202305231506/tools/bin/../lib/gcc/arm-none-eabi/11.3.1/thumb/v7e-m+fp/hard/crtbegin.o
 .text          0x00000000080001d0       0xa0 C:/ST/STM32CubeIDE_1.13.0/STM32CubeIDE/plugins/com.st.stm32cube.ide.mcu.externaltools.gnu-tools-for-stm32.11.3.rel1.win32_1.1.0.202305231506/tools/bin/../lib/gcc/arm-none-eabi/11.3.1/../../../../arm-none-eabi/lib/thumb/v7e-m+fp/hard\libc_nano.a(libc_a-memchr.o)
                0x00000000080001d0                memchr
 .text          0x0000000008000270      0x254 C:/ST/STM32CubeIDE_1.13.0/STM32CubeIDE/plugins/com.st.stm32cube.ide.mcu.externaltools.gnu-tools-for-stm32.11.3.rel1.win32_1.1.0.202305231506/tools/bin/../lib/gcc/arm-none-eabi/11.3.1/thumb/v7e-m+fp/hard\libgcc.a(_arm_muldf3.o)
                0x0000000008000270                __muldf3
                0x0000000008000270                __aeabi_dmul
 .text          0x00000000080004c4      0x378 C:/ST/STM32CubeIDE_1.13.0/STM32CubeIDE/plugins/com.st.stm32cube.ide.mcu.externaltools.gnu-tools-for-stm32.11.3.rel1.win32_1.1.0.202305231506/tools/bin/../lib/gcc/arm-none-eabi/11.3.1/thumb/v7e-m+fp/hard\libgcc.a(_arm_addsubdf3.o)
                0x00000000080004c4                __aeabi_drsub
                0x00000000080004cc                __aeabi_dsub
                0x00000000080004cc                __subdf3
                0x00000000080004d0                __aeabi_dadd
                0x00000000080004d0                __adddf3
                0x0000000008000748                __floatunsidf
                0x0000000008000748                __aeabi_ui2d
                0x0000000008000768                __floatsidf
                0x0000000008000768                __aeabi_i2d
                0x000000000800078c                __aeabi_f2d
                0x000000000800078c                __extendsfdf2
                0x00000000080007d0                __floatundidf
                0x00000000080007d0                __aeabi_ul2d
                0x00000000080007e0                __floatdidf
                0x00000000080007e0                __aeabi_l2d
 .text          0x000000000800083c      0x110 C:/ST/STM32CubeIDE_1.13.0/STM32CubeIDE/plugins/com.st.stm32cube.ide.mcu.externaltools.gnu-tools-for-stm32.11.3.rel1.win32_1.1.0.202305231506/tools/bin/../lib/gcc/arm-none-eabi/11.3.1/thumb/v7e-m+fp/hard\libgcc.a(_arm_cmpdf2.o)
                0x000000000800083c                __gtdf2
                0x000000000800083c                __gedf2
                0x0000000008000844                __ltdf2
                0x0000000008000844                __ledf2
                0x000000000800084c                __nedf2
                0x000000000800084c                __eqdf2
                0x000000000800084c                __cmpdf2
                0x00000000080008c8                __aeabi_cdrcmple
                0x00000000080008d8                __aeabi_cdcmpeq
                0x00000000080008d8                __aeabi_cdcmple
                0x00000000080008e8                __aeabi_dcmpeq
                0x00000000080008fc                __aeabi_dcmplt
                0x0000000008000910                __aeabi_dcmple
                0x0000000008000924                __aeabi_dcmpge
                0x0000000008000938                __aeabi_dcmpgt
 .text          0x000000000800094c       0xa0 C:/ST/STM32CubeIDE_1.13.0/STM32CubeIDE/plugins/com.st.stm32cube.ide.mcu.externaltools.gnu-tools-for-stm32.11.3.rel1.win32_1.1.0.202305231506/tools/bin/../lib/gcc/arm-none-eabi/11.3.1/thumb/v7e-m+fp/hard\libgcc.a(_arm_truncdfsf2.o)
                0x000000000800094c                __truncdfsf2
                0x000000000800094c                __aeabi_d2f
 .text          0x00000000080009ec       0x30 C:/ST/STM32CubeIDE_1.13.0/STM32CubeIDE/plugins/com.st.stm32cube.ide.mcu.externaltools.gnu-tools-for-stm32.11.3.rel1.win32_1.1.0.202305231506/tools/bin/../lib/gcc/arm-none-eabi/11.3.1/thumb/v7e-m+fp/hard\libgcc.a(_aeabi_uldivmod.o)
                0x00000000080009ec                __aeabi_uldivmod
 .text          0x0000000008000a1c      0x2c8 C:/ST/STM32CubeIDE_1.13.0/STM32CubeIDE/plugins/com.st.stm32cube.ide.mcu.externaltools.gnu-tools-for-stm32.11.3.rel1.win32_1.1.0.202305231506/tools/bin/../lib/gcc/arm-none-eabi/11.3.1/thumb/v7e-m+fp/hard\libgcc.a(_udivmoddi4.o)
                0x0000000008000a1c                __udivmoddi4
 .text          0x0000000008000ce4        0x4 C:/ST/STM32CubeIDE_1.13.0/STM32CubeIDE/plugins/com.st.stm32cube.ide.mcu.externaltools.gnu-tools-for-stm32.11.3.rel1.win32_1.1.0.202305231506/tools/bin/../lib/gcc/arm-none-eabi/11.3.1/thumb/v7e-m+fp/hard\libgcc.a(_dvmd_tls.o)
                0x0000000008000ce4                __aeabi_idiv0
                0x0000000008000ce4                __aeabi_ldiv0
 *(.text*)
 .text.MPU6050_Init
                0x0000000008000ce8       0x30 ./Core/Src/main.o
                0x0000000008000ce8                MPU6050_Init
 .text.MPU6050_Read_Accel
                0x0000000008000d18       0xb8 ./Core/Src/main.o
                0x0000000008000d18                MPU6050_Read_Accel
 .text.MPU6050_Read_Gyro
                0x0000000008000dd0       0xb8 ./Core/Src/main.o
                0x0000000008000dd0                MPU6050_Read_Gyro
 .text.main     0x0000000008000e88       0x68 ./Core/Src/main.o
                0x0000000008000e88                main
 .text.SystemClock_Config
                0x0000000008000ef0       0xd4 ./Core/Src/main.o
                0x0000000008000ef0                SystemClock_Config
 .text.MX_I2C3_Init
                0x0000000008000fc4       0x5c ./Core/Src/main.o
 .text.MX_I2S3_Init
                0x0000000008001020       0x60 ./Core/Src/main.o
 .text.MX_SPI1_Init
                0x0000000008001080       0x6c ./Core/Src/main.o
 .text.MX_USART2_UART_Init
                0x00000000080010ec       0x54 ./Core/Src/main.o
 .text.MX_USART3_UART_Init
                0x0000000008001140       0x54 ./Core/Src/main.o
 .text.MX_GPIO_Init
                0x0000000008001194      0x21c ./Core/Src/main.o
 .text.fill_mpu_buffer
                0x00000000080013b0       0xe4 ./Core/Src/main.o
                0x00000000080013b0                fill_mpu_buffer
 .text.Train    0x0000000008001494       0x60 ./Core/Src/main.o
                0x0000000008001494                Train
 .text.Inference
                0x00000000080014f4       0x58 ./Core/Src/main.o
                0x00000000080014f4                Inference
 .text.__io_putchar
                0x000000000800154c       0x24 ./Core/Src/main.o
                0x000000000800154c                __io_putchar
 .text.Error_Handler
                0x0000000008001570        0xa ./Core/Src/main.o
                0x0000000008001570                Error_Handler
 *fill*         0x000000000800157a        0x2 
 .text.HAL_MspInit
                0x000000000800157c       0x50 ./Core/Src/stm32f4xx_hal_msp.o
                0x000000000800157c                HAL_MspInit
 .text.HAL_I2C_MspInit
                0x00000000080015cc       0xd4 ./Core/Src/stm32f4xx_hal_msp.o
                0x00000000080015cc                HAL_I2C_MspInit
 .text.HAL_I2S_MspInit
                0x00000000080016a0      0x100 ./Core/Src/stm32f4xx_hal_msp.o
                0x00000000080016a0                HAL_I2S_MspInit
 .text.HAL_SPI_MspInit
                0x00000000080017a0       0x90 ./Core/Src/stm32f4xx_hal_msp.o
                0x00000000080017a0                HAL_SPI_MspInit
 .text.HAL_UART_MspInit
                0x0000000008001830      0x140 ./Core/Src/stm32f4xx_hal_msp.o
                0x0000000008001830                HAL_UART_MspInit
 .text.NMI_Handler
                0x0000000008001970        0x6 ./Core/Src/stm32f4xx_it.o
                0x0000000008001970                NMI_Handler
 .text.HardFault_Handler
                0x0000000008001976        0x6 ./Core/Src/stm32f4xx_it.o
                0x0000000008001976                HardFault_Handler
 .text.MemManage_Handler
                0x000000000800197c        0x6 ./Core/Src/stm32f4xx_it.o
                0x000000000800197c                MemManage_Handler
 .text.BusFault_Handler
                0x0000000008001982        0x6 ./Core/Src/stm32f4xx_it.o
                0x0000000008001982                BusFault_Handler
 .text.UsageFault_Handler
                0x0000000008001988        0x6 ./Core/Src/stm32f4xx_it.o
                0x0000000008001988                UsageFault_Handler
 .text.SVC_Handler
                0x000000000800198e        0xe ./Core/Src/stm32f4xx_it.o
                0x000000000800198e                SVC_Handler
 .text.DebugMon_Handler
                0x000000000800199c        0xe ./Core/Src/stm32f4xx_it.o
                0x000000000800199c                DebugMon_Handler
 .text.PendSV_Handler
                0x00000000080019aa        0xe ./Core/Src/stm32f4xx_it.o
                0x00000000080019aa                PendSV_Handler
 .text.SysTick_Handler
                0x00000000080019b8        0xc ./Core/Src/stm32f4xx_it.o
                0x00000000080019b8                SysTick_Handler
 .text.OTG_FS_IRQHandler
                0x00000000080019c4       0x14 ./Core/Src/stm32f4xx_it.o
                0x00000000080019c4                OTG_FS_IRQHandler
 .text._read    0x00000000080019d8       0x3a ./Core/Src/syscalls.o
                0x00000000080019d8                _read
 .text._write   0x0000000008001a12       0x38 ./Core/Src/syscalls.o
                0x0000000008001a12                _write
 .text._close   0x0000000008001a4a       0x18 ./Core/Src/syscalls.o
                0x0000000008001a4a                _close
 .text._fstat   0x0000000008001a62       0x20 ./Core/Src/syscalls.o
                0x0000000008001a62                _fstat
 .text._isatty  0x0000000008001a82       0x16 ./Core/Src/syscalls.o
                0x0000000008001a82                _isatty
 .text._lseek   0x0000000008001a98       0x1a ./Core/Src/syscalls.o
                0x0000000008001a98                _lseek
 *fill*         0x0000000008001ab2        0x2 
 .text._sbrk    0x0000000008001ab4       0x6c ./Core/Src/sysmem.o
                0x0000000008001ab4                _sbrk
 .text.SystemInit
                0x0000000008001b20       0x24 ./Core/Src/system_stm32f4xx.o
                0x0000000008001b20                SystemInit
 .text.Reset_Handler
                0x0000000008001b44       0x50 ./Core/Startup/startup_stm32f407vgtx.o
                0x0000000008001b44                Reset_Handler
 .text.Default_Handler
                0x0000000008001b94        0x2 ./Core/Startup/startup_stm32f407vgtx.o
                0x0000000008001b94                RTC_Alarm_IRQHandler
                0x0000000008001b94                HASH_RNG_IRQHandler
                0x0000000008001b94                EXTI2_IRQHandler
                0x0000000008001b94                TIM8_CC_IRQHandler
                0x0000000008001b94                TIM1_CC_IRQHandler
                0x0000000008001b94                DMA2_Stream5_IRQHandler
                0x0000000008001b94                DMA1_Stream5_IRQHandler
                0x0000000008001b94                PVD_IRQHandler
                0x0000000008001b94                SDIO_IRQHandler
                0x0000000008001b94                TAMP_STAMP_IRQHandler
                0x0000000008001b94                CAN2_RX1_IRQHandler
                0x0000000008001b94                EXTI3_IRQHandler
                0x0000000008001b94                TIM8_TRG_COM_TIM14_IRQHandler
                0x0000000008001b94                TIM1_UP_TIM10_IRQHandler
                0x0000000008001b94                TIM8_UP_TIM13_IRQHandler
                0x0000000008001b94                I2C3_ER_IRQHandler
                0x0000000008001b94                EXTI0_IRQHandler
                0x0000000008001b94                I2C2_EV_IRQHandler
                0x0000000008001b94                DMA1_Stream2_IRQHandler
                0x0000000008001b94                CAN1_RX0_IRQHandler
                0x0000000008001b94                FPU_IRQHandler
                0x0000000008001b94                OTG_HS_WKUP_IRQHandler
                0x0000000008001b94                CAN2_SCE_IRQHandler
                0x0000000008001b94                DMA2_Stream2_IRQHandler
                0x0000000008001b94                SPI1_IRQHandler
                0x0000000008001b94                TIM6_DAC_IRQHandler
                0x0000000008001b94                TIM1_BRK_TIM9_IRQHandler
                0x0000000008001b94                DCMI_IRQHandler
                0x0000000008001b94                CAN2_RX0_IRQHandler
                0x0000000008001b94                DMA2_Stream3_IRQHandler
                0x0000000008001b94                USART6_IRQHandler
                0x0000000008001b94                USART3_IRQHandler
                0x0000000008001b94                CAN1_RX1_IRQHandler
                0x0000000008001b94                UART5_IRQHandler
                0x0000000008001b94                DMA2_Stream0_IRQHandler
                0x0000000008001b94                TIM4_IRQHandler
                0x0000000008001b94                I2C1_EV_IRQHandler
                0x0000000008001b94                DMA1_Stream6_IRQHandler
                0x0000000008001b94                DMA1_Stream1_IRQHandler
                0x0000000008001b94                UART4_IRQHandler
                0x0000000008001b94                TIM3_IRQHandler
                0x0000000008001b94                RCC_IRQHandler
                0x0000000008001b94                TIM8_BRK_TIM12_IRQHandler
                0x0000000008001b94                Default_Handler
                0x0000000008001b94                EXTI15_10_IRQHandler
                0x0000000008001b94                ADC_IRQHandler
                0x0000000008001b94                DMA1_Stream7_IRQHandler
                0x0000000008001b94                TIM7_IRQHandler
                0x0000000008001b94                CAN2_TX_IRQHandler
                0x0000000008001b94                TIM5_IRQHandler
                0x0000000008001b94                DMA2_Stream7_IRQHandler
                0x0000000008001b94                I2C3_EV_IRQHandler
                0x0000000008001b94                EXTI9_5_IRQHandler
                0x0000000008001b94                RTC_WKUP_IRQHandler
                0x0000000008001b94                ETH_WKUP_IRQHandler
                0x0000000008001b94                SPI2_IRQHandler
                0x0000000008001b94                OTG_HS_EP1_IN_IRQHandler
                0x0000000008001b94                DMA1_Stream0_IRQHandler
                0x0000000008001b94                CAN1_TX_IRQHandler
                0x0000000008001b94                EXTI4_IRQHandler
                0x0000000008001b94                FSMC_IRQHandler
                0x0000000008001b94                ETH_IRQHandler
                0x0000000008001b94                OTG_HS_EP1_OUT_IRQHandler
                0x0000000008001b94                WWDG_IRQHandler
                0x0000000008001b94                TIM2_IRQHandler
                0x0000000008001b94                OTG_FS_WKUP_IRQHandler
                0x0000000008001b94                TIM1_TRG_COM_TIM11_IRQHandler
                0x0000000008001b94                OTG_HS_IRQHandler
                0x0000000008001b94                EXTI1_IRQHandler
                0x0000000008001b94                USART2_IRQHandler
                0x0000000008001b94                I2C2_ER_IRQHandler
                0x0000000008001b94                DMA2_Stream1_IRQHandler
                0x0000000008001b94                CAN1_SCE_IRQHandler
                0x0000000008001b94                FLASH_IRQHandler
                0x0000000008001b94                DMA2_Stream4_IRQHandler
                0x0000000008001b94                USART1_IRQHandler
                0x0000000008001b94                SPI3_IRQHandler
                0x0000000008001b94                DMA1_Stream4_IRQHandler
                0x0000000008001b94                I2C1_ER_IRQHandler
                0x0000000008001b94                DMA2_Stream6_IRQHandler
                0x0000000008001b94                DMA1_Stream3_IRQHandler
 *fill*         0x0000000008001b96        0x2 
 .text.HAL_Init
                0x0000000008001b98       0x44 ./Drivers/STM32F4xx_HAL_Driver/Src/stm32f4xx_hal.o
                0x0000000008001b98                HAL_Init
 .text.HAL_InitTick
                0x0000000008001bdc       0x60 ./Drivers/STM32F4xx_HAL_Driver/Src/stm32f4xx_hal.o
                0x0000000008001bdc                HAL_InitTick
 .text.HAL_IncTick
                0x0000000008001c3c       0x28 ./Drivers/STM32F4xx_HAL_Driver/Src/stm32f4xx_hal.o
                0x0000000008001c3c                HAL_IncTick
 .text.HAL_GetTick
                0x0000000008001c64       0x18 ./Drivers/STM32F4xx_HAL_Driver/Src/stm32f4xx_hal.o
                0x0000000008001c64                HAL_GetTick
 .text.HAL_Delay
                0x0000000008001c7c       0x48 ./Drivers/STM32F4xx_HAL_Driver/Src/stm32f4xx_hal.o
                0x0000000008001c7c                HAL_Delay
 .text.__NVIC_SetPriorityGrouping
                0x0000000008001cc4       0x48 ./Drivers/STM32F4xx_HAL_Driver/Src/stm32f4xx_hal_cortex.o
 .text.__NVIC_GetPriorityGrouping
                0x0000000008001d0c       0x1c ./Drivers/STM32F4xx_HAL_Driver/Src/stm32f4xx_hal_cortex.o
 .text.__NVIC_EnableIRQ
                0x0000000008001d28       0x3c ./Drivers/STM32F4xx_HAL_Driver/Src/stm32f4xx_hal_cortex.o
 .text.__NVIC_SetPriority
                0x0000000008001d64       0x54 ./Drivers/STM32F4xx_HAL_Driver/Src/stm32f4xx_hal_cortex.o
 .text.NVIC_EncodePriority
                0x0000000008001db8       0x66 ./Drivers/STM32F4xx_HAL_Driver/Src/stm32f4xx_hal_cortex.o
 *fill*         0x0000000008001e1e        0x2 
 .text.SysTick_Config
                0x0000000008001e20       0x44 ./Drivers/STM32F4xx_HAL_Driver/Src/stm32f4xx_hal_cortex.o
 .text.HAL_NVIC_SetPriorityGrouping
                0x0000000008001e64       0x16 ./Drivers/STM32F4xx_HAL_Driver/Src/stm32f4xx_hal_cortex.o
                0x0000000008001e64                HAL_NVIC_SetPriorityGrouping
 .text.HAL_NVIC_SetPriority
                0x0000000008001e7a       0x38 ./Drivers/STM32F4xx_HAL_Driver/Src/stm32f4xx_hal_cortex.o
                0x0000000008001e7a                HAL_NVIC_SetPriority
 .text.HAL_NVIC_EnableIRQ
                0x0000000008001eb2       0x1c ./Drivers/STM32F4xx_HAL_Driver/Src/stm32f4xx_hal_cortex.o
                0x0000000008001eb2                HAL_NVIC_EnableIRQ
 .text.HAL_SYSTICK_Config
                0x0000000008001ece       0x18 ./Drivers/STM32F4xx_HAL_Driver/Src/stm32f4xx_hal_cortex.o
                0x0000000008001ece                HAL_SYSTICK_Config
 *fill*         0x0000000008001ee6        0x2 
 .text.HAL_GPIO_Init
                0x0000000008001ee8      0x338 ./Drivers/STM32F4xx_HAL_Driver/Src/stm32f4xx_hal_gpio.o
                0x0000000008001ee8                HAL_GPIO_Init
 .text.HAL_GPIO_WritePin
                0x0000000008002220       0x32 ./Drivers/STM32F4xx_HAL_Driver/Src/stm32f4xx_hal_gpio.o
                0x0000000008002220                HAL_GPIO_WritePin
 .text.HAL_HCD_Init
                0x0000000008002252       0xc4 ./Drivers/STM32F4xx_HAL_Driver/Src/stm32f4xx_hal_hcd.o
                0x0000000008002252                HAL_HCD_Init
 .text.HAL_HCD_HC_Init
                0x0000000008002316      0x11e ./Drivers/STM32F4xx_HAL_Driver/Src/stm32f4xx_hal_hcd.o
                0x0000000008002316                HAL_HCD_HC_Init
 .text.HAL_HCD_HC_Halt
                0x0000000008002434       0x46 ./Drivers/STM32F4xx_HAL_Driver/Src/stm32f4xx_hal_hcd.o
                0x0000000008002434                HAL_HCD_HC_Halt
 *fill*         0x000000000800247a        0x2 
 .text.HAL_HCD_HC_SubmitRequest
                0x000000000800247c      0x2ac ./Drivers/STM32F4xx_HAL_Driver/Src/stm32f4xx_hal_hcd.o
                0x000000000800247c                HAL_HCD_HC_SubmitRequest
 .text.HAL_HCD_IRQHandler
                0x0000000008002728      0x216 ./Drivers/STM32F4xx_HAL_Driver/Src/stm32f4xx_hal_hcd.o
                0x0000000008002728                HAL_HCD_IRQHandler
 .text.HAL_HCD_Start
                0x000000000800293e       0x46 ./Drivers/STM32F4xx_HAL_Driver/Src/stm32f4xx_hal_hcd.o
                0x000000000800293e                HAL_HCD_Start
 .text.HAL_HCD_Stop
                0x0000000008002984       0x3a ./Drivers/STM32F4xx_HAL_Driver/Src/stm32f4xx_hal_hcd.o
                0x0000000008002984                HAL_HCD_Stop
 .text.HAL_HCD_ResetPort
                0x00000000080029be       0x1c ./Drivers/STM32F4xx_HAL_Driver/Src/stm32f4xx_hal_hcd.o
                0x00000000080029be                HAL_HCD_ResetPort
 .text.HAL_HCD_HC_GetURBState
                0x00000000080029da       0x28 ./Drivers/STM32F4xx_HAL_Driver/Src/stm32f4xx_hal_hcd.o
                0x00000000080029da                HAL_HCD_HC_GetURBState
 .text.HAL_HCD_HC_GetXferCount
                0x0000000008002a02       0x28 ./Drivers/STM32F4xx_HAL_Driver/Src/stm32f4xx_hal_hcd.o
                0x0000000008002a02                HAL_HCD_HC_GetXferCount
 .text.HAL_HCD_GetCurrentFrame
                0x0000000008002a2a       0x1c ./Drivers/STM32F4xx_HAL_Driver/Src/stm32f4xx_hal_hcd.o
                0x0000000008002a2a                HAL_HCD_GetCurrentFrame
 .text.HAL_HCD_GetCurrentSpeed
                0x0000000008002a46       0x1c ./Drivers/STM32F4xx_HAL_Driver/Src/stm32f4xx_hal_hcd.o
                0x0000000008002a46                HAL_HCD_GetCurrentSpeed
 .text.HCD_HC_IN_IRQHandler
                0x0000000008002a62      0x6aa ./Drivers/STM32F4xx_HAL_Driver/Src/stm32f4xx_hal_hcd.o
 .text.HCD_HC_OUT_IRQHandler
                0x000000000800310c      0x6d2 ./Drivers/STM32F4xx_HAL_Driver/Src/stm32f4xx_hal_hcd.o
 .text.HCD_RXQLVL_IRQHandler
                0x00000000080037de      0x1a4 ./Drivers/STM32F4xx_HAL_Driver/Src/stm32f4xx_hal_hcd.o
 .text.HCD_Port_IRQHandler
                0x0000000008003982       0xe6 ./Drivers/STM32F4xx_HAL_Driver/Src/stm32f4xx_hal_hcd.o
 .text.HAL_I2C_Init
                0x0000000008003a68      0x288 ./Drivers/STM32F4xx_HAL_Driver/Src/stm32f4xx_hal_i2c.o
                0x0000000008003a68                HAL_I2C_Init
 .text.HAL_I2C_Mem_Write
                0x0000000008003cf0      0x1f4 ./Drivers/STM32F4xx_HAL_Driver/Src/stm32f4xx_hal_i2c.o
                0x0000000008003cf0                HAL_I2C_Mem_Write
 .text.HAL_I2C_Mem_Read
                0x0000000008003ee4      0x44c ./Drivers/STM32F4xx_HAL_Driver/Src/stm32f4xx_hal_i2c.o
                0x0000000008003ee4                HAL_I2C_Mem_Read
 .text.I2C_RequestMemoryWrite
                0x0000000008004330      0x12c ./Drivers/STM32F4xx_HAL_Driver/Src/stm32f4xx_hal_i2c.o
 .text.I2C_RequestMemoryRead
                0x000000000800445c      0x1d0 ./Drivers/STM32F4xx_HAL_Driver/Src/stm32f4xx_hal_i2c.o
 .text.I2C_WaitOnFlagUntilTimeout
                0x000000000800462c       0xae ./Drivers/STM32F4xx_HAL_Driver/Src/stm32f4xx_hal_i2c.o
 .text.I2C_WaitOnMasterAddressFlagUntilTimeout
                0x00000000080046da       0xfe ./Drivers/STM32F4xx_HAL_Driver/Src/stm32f4xx_hal_i2c.o
 .text.I2C_WaitOnTXEFlagUntilTimeout
                0x00000000080047d8       0x82 ./Drivers/STM32F4xx_HAL_Driver/Src/stm32f4xx_hal_i2c.o
 .text.I2C_WaitOnBTFFlagUntilTimeout
                0x000000000800485a       0x82 ./Drivers/STM32F4xx_HAL_Driver/Src/stm32f4xx_hal_i2c.o
 .text.I2C_WaitOnRXNEFlagUntilTimeout
                0x00000000080048dc       0xac ./Drivers/STM32F4xx_HAL_Driver/Src/stm32f4xx_hal_i2c.o
 .text.I2C_IsAcknowledgeFailed
                0x0000000008004988       0x5e ./Drivers/STM32F4xx_HAL_Driver/Src/stm32f4xx_hal_i2c.o
 *fill*         0x00000000080049e6        0x2 
 .text.HAL_I2S_Init
                0x00000000080049e8      0x280 ./Drivers/STM32F4xx_HAL_Driver/Src/stm32f4xx_hal_i2s.o
                0x00000000080049e8                HAL_I2S_Init
 .text.HAL_I2S_TxCpltCallback
                0x0000000008004c68       0x14 ./Drivers/STM32F4xx_HAL_Driver/Src/stm32f4xx_hal_i2s.o
                0x0000000008004c68                HAL_I2S_TxCpltCallback
 .text.HAL_I2S_RxCpltCallback
                0x0000000008004c7c       0x14 ./Drivers/STM32F4xx_HAL_Driver/Src/stm32f4xx_hal_i2s.o
                0x0000000008004c7c                HAL_I2S_RxCpltCallback
 .text.HAL_I2S_ErrorCallback
                0x0000000008004c90       0x14 ./Drivers/STM32F4xx_HAL_Driver/Src/stm32f4xx_hal_i2s.o
                0x0000000008004c90                HAL_I2S_ErrorCallback
 .text.I2S_Transmit_IT
                0x0000000008004ca4       0x5c ./Drivers/STM32F4xx_HAL_Driver/Src/stm32f4xx_hal_i2s.o
 .text.I2S_Receive_IT
                0x0000000008004d00       0x5e ./Drivers/STM32F4xx_HAL_Driver/Src/stm32f4xx_hal_i2s.o
 .text.I2S_IRQHandler
                0x0000000008004d5e      0x114 ./Drivers/STM32F4xx_HAL_Driver/Src/stm32f4xx_hal_i2s.o
 *fill*         0x0000000008004e72        0x2 
 .text.HAL_I2SEx_FullDuplex_IRQHandler
                0x0000000008004e74      0x2a8 ./Drivers/STM32F4xx_HAL_Driver/Src/stm32f4xx_hal_i2s_ex.o
                0x0000000008004e74                HAL_I2SEx_FullDuplex_IRQHandler
 .text.HAL_I2SEx_TxRxCpltCallback
                0x000000000800511c       0x14 ./Drivers/STM32F4xx_HAL_Driver/Src/stm32f4xx_hal_i2s_ex.o
                0x000000000800511c                HAL_I2SEx_TxRxCpltCallback
 .text.I2SEx_TxISR_I2S
                0x0000000008005130       0x62 ./Drivers/STM32F4xx_HAL_Driver/Src/stm32f4xx_hal_i2s_ex.o
 *fill*         0x0000000008005192        0x2 
 .text.I2SEx_TxISR_I2SExt
                0x0000000008005194       0x98 ./Drivers/STM32F4xx_HAL_Driver/Src/stm32f4xx_hal_i2s_ex.o
 .text.I2SEx_RxISR_I2S
                0x000000000800522c       0x64 ./Drivers/STM32F4xx_HAL_Driver/Src/stm32f4xx_hal_i2s_ex.o
 .text.I2SEx_RxISR_I2SExt
                0x0000000008005290       0x98 ./Drivers/STM32F4xx_HAL_Driver/Src/stm32f4xx_hal_i2s_ex.o
 .text.HAL_RCC_OscConfig
                0x0000000008005328      0x4f0 ./Drivers/STM32F4xx_HAL_Driver/Src/stm32f4xx_hal_rcc.o
                0x0000000008005328                HAL_RCC_OscConfig
 .text.HAL_RCC_ClockConfig
                0x0000000008005818      0x1cc ./Drivers/STM32F4xx_HAL_Driver/Src/stm32f4xx_hal_rcc.o
                0x0000000008005818                HAL_RCC_ClockConfig
 .text.HAL_RCC_GetSysClockFreq
                0x00000000080059e4      0x20c ./Drivers/STM32F4xx_HAL_Driver/Src/stm32f4xx_hal_rcc.o
                0x00000000080059e4                HAL_RCC_GetSysClockFreq
 .text.HAL_RCC_GetHCLKFreq
                0x0000000008005bf0       0x18 ./Drivers/STM32F4xx_HAL_Driver/Src/stm32f4xx_hal_rcc.o
                0x0000000008005bf0                HAL_RCC_GetHCLKFreq
 .text.HAL_RCC_GetPCLK1Freq
                0x0000000008005c08       0x28 ./Drivers/STM32F4xx_HAL_Driver/Src/stm32f4xx_hal_rcc.o
                0x0000000008005c08                HAL_RCC_GetPCLK1Freq
 .text.HAL_RCC_GetPCLK2Freq
                0x0000000008005c30       0x28 ./Drivers/STM32F4xx_HAL_Driver/Src/stm32f4xx_hal_rcc.o
                0x0000000008005c30                HAL_RCC_GetPCLK2Freq
 .text.HAL_RCCEx_PeriphCLKConfig
                0x0000000008005c58      0x1c4 ./Drivers/STM32F4xx_HAL_Driver/Src/stm32f4xx_hal_rcc_ex.o
                0x0000000008005c58                HAL_RCCEx_PeriphCLKConfig
 .text.HAL_RCCEx_GetPeriphCLKFreq
                0x0000000008005e1c       0xbc ./Drivers/STM32F4xx_HAL_Driver/Src/stm32f4xx_hal_rcc_ex.o
                0x0000000008005e1c                HAL_RCCEx_GetPeriphCLKFreq
 .text.HAL_SPI_Init
                0x0000000008005ed8      0x112 ./Drivers/STM32F4xx_HAL_Driver/Src/stm32f4xx_hal_spi.o
                0x0000000008005ed8                HAL_SPI_Init
 .text.HAL_UART_Init
                0x0000000008005fea       0x9a ./Drivers/STM32F4xx_HAL_Driver/Src/stm32f4xx_hal_uart.o
                0x0000000008005fea                HAL_UART_Init
 .text.HAL_UART_Transmit
                0x0000000008006084      0x124 ./Drivers/STM32F4xx_HAL_Driver/Src/stm32f4xx_hal_uart.o
                0x0000000008006084                HAL_UART_Transmit
 .text.UART_WaitOnFlagUntilTimeout
                0x00000000080061a8       0xdc ./Drivers/STM32F4xx_HAL_Driver/Src/stm32f4xx_hal_uart.o
 .text.UART_SetConfig
                0x0000000008006284      0x4e8 ./Drivers/STM32F4xx_HAL_Driver/Src/stm32f4xx_hal_uart.o
 .text.USB_CoreInit
                0x000000000800676c       0xc2 ./Drivers/STM32F4xx_HAL_Driver/Src/stm32f4xx_ll_usb.o
                0x000000000800676c                USB_CoreInit
 .text.USB_EnableGlobalInt
                0x000000000800682e       0x22 ./Drivers/STM32F4xx_HAL_Driver/Src/stm32f4xx_ll_usb.o
                0x000000000800682e                USB_EnableGlobalInt
 .text.USB_DisableGlobalInt
                0x0000000008006850       0x22 ./Drivers/STM32F4xx_HAL_Driver/Src/stm32f4xx_ll_usb.o
                0x0000000008006850                USB_DisableGlobalInt
 .text.USB_SetCurrentMode
                0x0000000008006872       0x98 ./Drivers/STM32F4xx_HAL_Driver/Src/stm32f4xx_ll_usb.o
                0x0000000008006872                USB_SetCurrentMode
 *fill*         0x000000000800690a        0x2 
 .text.USB_FlushTxFifo
                0x000000000800690c       0x68 ./Drivers/STM32F4xx_HAL_Driver/Src/stm32f4xx_ll_usb.o
                0x000000000800690c                USB_FlushTxFifo
 .text.USB_FlushRxFifo
                0x0000000008006974       0x60 ./Drivers/STM32F4xx_HAL_Driver/Src/stm32f4xx_ll_usb.o
                0x0000000008006974                USB_FlushRxFifo
 .text.USB_WritePacket
                0x00000000080069d4       0x7c ./Drivers/STM32F4xx_HAL_Driver/Src/stm32f4xx_ll_usb.o
                0x00000000080069d4                USB_WritePacket
 .text.USB_ReadPacket
                0x0000000008006a50       0xb0 ./Drivers/STM32F4xx_HAL_Driver/Src/stm32f4xx_ll_usb.o
                0x0000000008006a50                USB_ReadPacket
 .text.USB_ReadInterrupts
                0x0000000008006b00       0x26 ./Drivers/STM32F4xx_HAL_Driver/Src/stm32f4xx_ll_usb.o
                0x0000000008006b00                USB_ReadInterrupts
 .text.USB_GetMode
                0x0000000008006b26       0x1c ./Drivers/STM32F4xx_HAL_Driver/Src/stm32f4xx_ll_usb.o
                0x0000000008006b26                USB_GetMode
 *fill*         0x0000000008006b42        0x2 
 .text.USB_CoreReset
                0x0000000008006b44       0x68 ./Drivers/STM32F4xx_HAL_Driver/Src/stm32f4xx_ll_usb.o
 .text.USB_HostInit
                0x0000000008006bac      0x180 ./Drivers/STM32F4xx_HAL_Driver/Src/stm32f4xx_ll_usb.o
                0x0000000008006bac                USB_HostInit
 .text.USB_InitFSLSPClkSel
                0x0000000008006d2c       0x74 ./Drivers/STM32F4xx_HAL_Driver/Src/stm32f4xx_ll_usb.o
                0x0000000008006d2c                USB_InitFSLSPClkSel
 .text.USB_ResetPort
                0x0000000008006da0       0x54 ./Drivers/STM32F4xx_HAL_Driver/Src/stm32f4xx_ll_usb.o
                0x0000000008006da0                USB_ResetPort
 .text.USB_DriveVbus
                0x0000000008006df4       0x72 ./Drivers/STM32F4xx_HAL_Driver/Src/stm32f4xx_ll_usb.o
                0x0000000008006df4                USB_DriveVbus
 .text.USB_GetHostSpeed
                0x0000000008006e66       0x2e ./Drivers/STM32F4xx_HAL_Driver/Src/stm32f4xx_ll_usb.o
                0x0000000008006e66                USB_GetHostSpeed
 .text.USB_GetCurrentFrame
                0x0000000008006e94       0x22 ./Drivers/STM32F4xx_HAL_Driver/Src/stm32f4xx_ll_usb.o
                0x0000000008006e94                USB_GetCurrentFrame
 *fill*         0x0000000008006eb6        0x2 
 .text.USB_HC_Init
                0x0000000008006eb8      0x244 ./Drivers/STM32F4xx_HAL_Driver/Src/stm32f4xx_ll_usb.o
                0x0000000008006eb8                USB_HC_Init
 .text.USB_HC_StartXfer
                0x00000000080070fc      0x284 ./Drivers/STM32F4xx_HAL_Driver/Src/stm32f4xx_ll_usb.o
                0x00000000080070fc                USB_HC_StartXfer
 .text.USB_HC_ReadInterrupt
                0x0000000008007380       0x22 ./Drivers/STM32F4xx_HAL_Driver/Src/stm32f4xx_ll_usb.o
                0x0000000008007380                USB_HC_ReadInterrupt
 .text.USB_HC_Halt
                0x00000000080073a2      0x1f8 ./Drivers/STM32F4xx_HAL_Driver/Src/stm32f4xx_ll_usb.o
                0x00000000080073a2                USB_HC_Halt
 *fill*         0x000000000800759a        0x2 
 .text.USB_DoPing
                0x000000000800759c       0x78 ./Drivers/STM32F4xx_HAL_Driver/Src/stm32f4xx_ll_usb.o
                0x000000000800759c                USB_DoPing
 .text.USB_StopHost
                0x0000000008007614      0x124 ./Drivers/STM32F4xx_HAL_Driver/Src/stm32f4xx_ll_usb.o
                0x0000000008007614                USB_StopHost
 .text.USBH_CDC_InterfaceInit
                0x0000000008007738      0x2ac ./Middlewares/ST/STM32_USB_Host_Library/Class/CDC/Src/usbh_cdc.o
 .text.USBH_CDC_InterfaceDeInit
                0x00000000080079e4       0xb2 ./Middlewares/ST/STM32_USB_Host_Library/Class/CDC/Src/usbh_cdc.o
 .text.USBH_CDC_ClassRequest
                0x0000000008007a96       0x3e ./Middlewares/ST/STM32_USB_Host_Library/Class/CDC/Src/usbh_cdc.o
 .text.USBH_CDC_Process
                0x0000000008007ad4      0x12c ./Middlewares/ST/STM32_USB_Host_Library/Class/CDC/Src/usbh_cdc.o
 .text.USBH_CDC_SOFProcess
                0x0000000008007c00       0x16 ./Middlewares/ST/STM32_USB_Host_Library/Class/CDC/Src/usbh_cdc.o
 .text.GetLineCoding
                0x0000000008007c16       0x3e ./Middlewares/ST/STM32_USB_Host_Library/Class/CDC/Src/usbh_cdc.o
 .text.SetLineCoding
                0x0000000008007c54       0x3e ./Middlewares/ST/STM32_USB_Host_Library/Class/CDC/Src/usbh_cdc.o
 .text.CDC_ProcessTransmission
                0x0000000008007c92       0xec ./Middlewares/ST/STM32_USB_Host_Library/Class/CDC/Src/usbh_cdc.o
 .text.CDC_ProcessReception
                0x0000000008007d7e       0xb6 ./Middlewares/ST/STM32_USB_Host_Library/Class/CDC/Src/usbh_cdc.o
 .text.USBH_CDC_TransmitCallback
                0x0000000008007e34       0x14 ./Middlewares/ST/STM32_USB_Host_Library/Class/CDC/Src/usbh_cdc.o
                0x0000000008007e34                USBH_CDC_TransmitCallback
 .text.USBH_CDC_ReceiveCallback
                0x0000000008007e48       0x14 ./Middlewares/ST/STM32_USB_Host_Library/Class/CDC/Src/usbh_cdc.o
                0x0000000008007e48                USBH_CDC_ReceiveCallback
 .text.USBH_CDC_LineCodingChanged
                0x0000000008007e5c       0x14 ./Middlewares/ST/STM32_USB_Host_Library/Class/CDC/Src/usbh_cdc.o
                0x0000000008007e5c                USBH_CDC_LineCodingChanged
 .text.USBH_Init
                0x0000000008007e70       0x74 ./Middlewares/ST/STM32_USB_Host_Library/Core/Src/usbh_core.o
                0x0000000008007e70                USBH_Init
 .text.DeInitStateMachine
                0x0000000008007ee4       0xa8 ./Middlewares/ST/STM32_USB_Host_Library/Core/Src/usbh_core.o
 .text.USBH_RegisterClass
                0x0000000008007f8c       0x54 ./Middlewares/ST/STM32_USB_Host_Library/Core/Src/usbh_core.o
                0x0000000008007f8c                USBH_RegisterClass
 .text.USBH_SelectInterface
                0x0000000008007fe0       0x38 ./Middlewares/ST/STM32_USB_Host_Library/Core/Src/usbh_core.o
                0x0000000008007fe0                USBH_SelectInterface
 .text.USBH_FindInterface
                0x0000000008008018       0x8c ./Middlewares/ST/STM32_USB_Host_Library/Core/Src/usbh_core.o
                0x0000000008008018                USBH_FindInterface
 .text.USBH_Start
                0x00000000080080a4       0x20 ./Middlewares/ST/STM32_USB_Host_Library/Core/Src/usbh_core.o
                0x00000000080080a4                USBH_Start
 .text.USBH_Process
                0x00000000080080c4      0x3d8 ./Middlewares/ST/STM32_USB_Host_Library/Core/Src/usbh_core.o
                0x00000000080080c4                USBH_Process
 .text.USBH_HandleEnum
                0x000000000800849c      0x3c8 ./Middlewares/ST/STM32_USB_Host_Library/Core/Src/usbh_core.o
 .text.USBH_LL_SetTimer
                0x0000000008008864       0x1e ./Middlewares/ST/STM32_USB_Host_Library/Core/Src/usbh_core.o
                0x0000000008008864                USBH_LL_SetTimer
 .text.USBH_LL_IncTimer
                0x0000000008008882       0x24 ./Middlewares/ST/STM32_USB_Host_Library/Core/Src/usbh_core.o
                0x0000000008008882                USBH_LL_IncTimer
 .text.USBH_HandleSof
                0x00000000080088a6       0x30 ./Middlewares/ST/STM32_USB_Host_Library/Core/Src/usbh_core.o
 .text.USBH_LL_PortEnabled
                0x00000000080088d6       0x1c ./Middlewares/ST/STM32_USB_Host_Library/Core/Src/usbh_core.o
                0x00000000080088d6                USBH_LL_PortEnabled
 .text.USBH_LL_PortDisabled
                0x00000000080088f2       0x1c ./Middlewares/ST/STM32_USB_Host_Library/Core/Src/usbh_core.o
                0x00000000080088f2                USBH_LL_PortDisabled
 .text.USBH_LL_Connect
                0x000000000800890e       0x2e ./Middlewares/ST/STM32_USB_Host_Library/Core/Src/usbh_core.o
                0x000000000800890e                USBH_LL_Connect
 .text.USBH_LL_Disconnect
                0x000000000800893c       0x48 ./Middlewares/ST/STM32_USB_Host_Library/Core/Src/usbh_core.o
                0x000000000800893c                USBH_LL_Disconnect
 .text.USBH_Get_DevDesc
                0x0000000008008984       0x50 ./Middlewares/ST/STM32_USB_Host_Library/Core/Src/usbh_ctlreq.o
                0x0000000008008984                USBH_Get_DevDesc
 .text.USBH_Get_CfgDesc
                0x00000000080089d4       0x48 ./Middlewares/ST/STM32_USB_Host_Library/Core/Src/usbh_ctlreq.o
                0x00000000080089d4                USBH_Get_CfgDesc
 .text.USBH_Get_StringDesc
                0x0000000008008a1c       0x56 ./Middlewares/ST/STM32_USB_Host_Library/Core/Src/usbh_ctlreq.o
                0x0000000008008a1c                USBH_Get_StringDesc
 .text.USBH_GetDescriptor
                0x0000000008008a72       0x6a ./Middlewares/ST/STM32_USB_Host_Library/Core/Src/usbh_ctlreq.o
                0x0000000008008a72                USBH_GetDescriptor
 .text.USBH_SetAddress
                0x0000000008008adc       0x48 ./Middlewares/ST/STM32_USB_Host_Library/Core/Src/usbh_ctlreq.o
                0x0000000008008adc                USBH_SetAddress
 .text.USBH_SetCfg
                0x0000000008008b24       0x46 ./Middlewares/ST/STM32_USB_Host_Library/Core/Src/usbh_ctlreq.o
                0x0000000008008b24                USBH_SetCfg
 .text.USBH_SetFeature
                0x0000000008008b6a       0x48 ./Middlewares/ST/STM32_USB_Host_Library/Core/Src/usbh_ctlreq.o
                0x0000000008008b6a                USBH_SetFeature
 .text.USBH_ClrFeature
                0x0000000008008bb2       0x48 ./Middlewares/ST/STM32_USB_Host_Library/Core/Src/usbh_ctlreq.o
                0x0000000008008bb2                USBH_ClrFeature
 *fill*         0x0000000008008bfa        0x2 
 .text.USBH_ParseDevDesc
                0x0000000008008bfc      0x124 ./Middlewares/ST/STM32_USB_Host_Library/Core/Src/usbh_ctlreq.o
 .text.USBH_ParseCfgDesc
                0x0000000008008d20      0x1ec ./Middlewares/ST/STM32_USB_Host_Library/Core/Src/usbh_ctlreq.o
 .text.USBH_ParseInterfaceDesc
                0x0000000008008f0c       0x5e ./Middlewares/ST/STM32_USB_Host_Library/Core/Src/usbh_ctlreq.o
 .text.USBH_ParseEPDesc
                0x0000000008008f6a      0x14a ./Middlewares/ST/STM32_USB_Host_Library/Core/Src/usbh_ctlreq.o
 .text.USBH_ParseStringDesc
                0x00000000080090b4       0x66 ./Middlewares/ST/STM32_USB_Host_Library/Core/Src/usbh_ctlreq.o
 .text.USBH_GetNextDesc
                0x000000000800911a       0x36 ./Middlewares/ST/STM32_USB_Host_Library/Core/Src/usbh_ctlreq.o
                0x000000000800911a                USBH_GetNextDesc
 .text.USBH_CtlReq
                0x0000000008009150       0x7a ./Middlewares/ST/STM32_USB_Host_Library/Core/Src/usbh_ctlreq.o
                0x0000000008009150                USBH_CtlReq
 *fill*         0x00000000080091ca        0x2 
 .text.USBH_HandleControl
                0x00000000080091cc      0x2e8 ./Middlewares/ST/STM32_USB_Host_Library/Core/Src/usbh_ctlreq.o
 .text.USBH_CtlSendSetup
                0x00000000080094b4       0x34 ./Middlewares/ST/STM32_USB_Host_Library/Core/Src/usbh_ioreq.o
                0x00000000080094b4                USBH_CtlSendSetup
 .text.USBH_CtlSendData
                0x00000000080094e8       0x4a ./Middlewares/ST/STM32_USB_Host_Library/Core/Src/usbh_ioreq.o
                0x00000000080094e8                USBH_CtlSendData
 .text.USBH_CtlReceiveData
                0x0000000008009532       0x3c ./Middlewares/ST/STM32_USB_Host_Library/Core/Src/usbh_ioreq.o
                0x0000000008009532                USBH_CtlReceiveData
 .text.USBH_BulkSendData
                0x000000000800956e       0x4a ./Middlewares/ST/STM32_USB_Host_Library/Core/Src/usbh_ioreq.o
                0x000000000800956e                USBH_BulkSendData
 .text.USBH_BulkReceiveData
                0x00000000080095b8       0x3c ./Middlewares/ST/STM32_USB_Host_Library/Core/Src/usbh_ioreq.o
                0x00000000080095b8                USBH_BulkReceiveData
 .text.USBH_OpenPipe
                0x00000000080095f4       0x3e ./Middlewares/ST/STM32_USB_Host_Library/Core/Src/usbh_pipes.o
                0x00000000080095f4                USBH_OpenPipe
 .text.USBH_ClosePipe
                0x0000000008009632       0x20 ./Middlewares/ST/STM32_USB_Host_Library/Core/Src/usbh_pipes.o
                0x0000000008009632                USBH_ClosePipe
 .text.USBH_AllocPipe
                0x0000000008009652       0x42 ./Middlewares/ST/STM32_USB_Host_Library/Core/Src/usbh_pipes.o
                0x0000000008009652                USBH_AllocPipe
 .text.USBH_FreePipe
                0x0000000008009694       0x3c ./Middlewares/ST/STM32_USB_Host_Library/Core/Src/usbh_pipes.o
                0x0000000008009694                USBH_FreePipe
 .text.USBH_GetFreePipe
                0x00000000080096d0       0x48 ./Middlewares/ST/STM32_USB_Host_Library/Core/Src/usbh_pipes.o
 .text.MX_USB_HOST_Init
                0x0000000008009718       0x4c ./USB_HOST/App/usb_host.o
                0x0000000008009718                MX_USB_HOST_Init
 .text.MX_USB_HOST_Process
                0x0000000008009764       0x14 ./USB_HOST/App/usb_host.o
                0x0000000008009764                MX_USB_HOST_Process
 .text.USBH_UserProcess
                0x0000000008009778       0x5c ./USB_HOST/App/usb_host.o
 .text.HAL_HCD_MspInit
                0x00000000080097d4       0xc4 ./USB_HOST/Target/usbh_conf.o
                0x00000000080097d4                HAL_HCD_MspInit
 .text.HAL_HCD_SOF_Callback
                0x0000000008009898       0x1c ./USB_HOST/Target/usbh_conf.o
                0x0000000008009898                HAL_HCD_SOF_Callback
 .text.HAL_HCD_Connect_Callback
                0x00000000080098b4       0x1c ./USB_HOST/Target/usbh_conf.o
                0x00000000080098b4                HAL_HCD_Connect_Callback
 .text.HAL_HCD_Disconnect_Callback
                0x00000000080098d0       0x1c ./USB_HOST/Target/usbh_conf.o
                0x00000000080098d0                HAL_HCD_Disconnect_Callback
 .text.HAL_HCD_HC_NotifyURBChange_Callback
                0x00000000080098ec       0x1c ./USB_HOST/Target/usbh_conf.o
                0x00000000080098ec                HAL_HCD_HC_NotifyURBChange_Callback
 .text.HAL_HCD_PortEnabled_Callback
                0x0000000008009908       0x1c ./USB_HOST/Target/usbh_conf.o
                0x0000000008009908                HAL_HCD_PortEnabled_Callback
 .text.HAL_HCD_PortDisabled_Callback
                0x0000000008009924       0x1c ./USB_HOST/Target/usbh_conf.o
                0x0000000008009924                HAL_HCD_PortDisabled_Callback
 .text.USBH_LL_Init
                0x0000000008009940       0x78 ./USB_HOST/Target/usbh_conf.o
                0x0000000008009940                USBH_LL_Init
 .text.USBH_LL_Start
                0x00000000080099b8       0x36 ./USB_HOST/Target/usbh_conf.o
                0x00000000080099b8                USBH_LL_Start
 .text.USBH_LL_Stop
                0x00000000080099ee       0x36 ./USB_HOST/Target/usbh_conf.o
                0x00000000080099ee                USBH_LL_Stop
 .text.USBH_LL_GetSpeed
                0x0000000008009a24       0x4e ./USB_HOST/Target/usbh_conf.o
                0x0000000008009a24                USBH_LL_GetSpeed
 .text.USBH_LL_ResetPort
                0x0000000008009a72       0x36 ./USB_HOST/Target/usbh_conf.o
                0x0000000008009a72                USBH_LL_ResetPort
 .text.USBH_LL_GetLastXferSize
                0x0000000008009aa8       0x26 ./USB_HOST/Target/usbh_conf.o
                0x0000000008009aa8                USBH_LL_GetLastXferSize
 .text.USBH_LL_OpenPipe
                0x0000000008009ace       0x5e ./USB_HOST/Target/usbh_conf.o
                0x0000000008009ace                USBH_LL_OpenPipe
 .text.USBH_LL_ClosePipe
                0x0000000008009b2c       0x3e ./USB_HOST/Target/usbh_conf.o
                0x0000000008009b2c                USBH_LL_ClosePipe
 .text.USBH_LL_SubmitURB
                0x0000000008009b6a       0x62 ./USB_HOST/Target/usbh_conf.o
                0x0000000008009b6a                USBH_LL_SubmitURB
 .text.USBH_LL_GetURBState
                0x0000000008009bcc       0x26 ./USB_HOST/Target/usbh_conf.o
                0x0000000008009bcc                USBH_LL_GetURBState
 .text.USBH_LL_DriverVBUS
                0x0000000008009bf2       0x2e ./USB_HOST/Target/usbh_conf.o
                0x0000000008009bf2                USBH_LL_DriverVBUS
 .text.USBH_LL_SetToggle
                0x0000000008009c20       0x60 ./USB_HOST/Target/usbh_conf.o
                0x0000000008009c20                USBH_LL_SetToggle
 .text.USBH_Delay
                0x0000000008009c80       0x16 ./USB_HOST/Target/usbh_conf.o
                0x0000000008009c80                USBH_Delay
 *fill*         0x0000000008009c96        0x2 
 .text.USBH_Get_USB_Status
                0x0000000008009c98       0x58 ./USB_HOST/Target/usbh_conf.o
                0x0000000008009c98                USBH_Get_USB_Status
 .text.MX_DriverVbusFS
                0x0000000008009cf0       0x38 ./USB_HOST/Target/usbh_platform.o
                0x0000000008009cf0                MX_DriverVbusFS
 .text.funchad110.constprop.0
                0x0000000008009d28      0x12c C:\Users\bhavy\Desktop\EduHack Project Files\STM32\Discovery_Rash_Driving_Detection\NanoEdgeAI\Lib\libneai.a(NanoEdgeAI.o)
 .text.funchad14.constprop.0
                0x0000000008009e54      0x118 C:\Users\bhavy\Desktop\EduHack Project Files\STM32\Discovery_Rash_Driving_Detection\NanoEdgeAI\Lib\libneai.a(NanoEdgeAI.o)
 .text.funchad35.constprop.0
                0x0000000008009f6c     0x1048 C:\Users\bhavy\Desktop\EduHack Project Files\STM32\Discovery_Rash_Driving_Detection\NanoEdgeAI\Lib\libneai.a(NanoEdgeAI.o)
 .text.neai_anomalydetection_init
                0x000000000800afb4       0x98 C:\Users\bhavy\Desktop\EduHack Project Files\STM32\Discovery_Rash_Driving_Detection\NanoEdgeAI\Lib\libneai.a(NanoEdgeAI.o)
                0x000000000800afb4                neai_anomalydetection_init
 *fill*         0x000000000800b04c        0x4 
 .text.neai_anomalydetection_learn
                0x000000000800b050      0x27c C:\Users\bhavy\Desktop\EduHack Project Files\STM32\Discovery_Rash_Driving_Detection\NanoEdgeAI\Lib\libneai.a(NanoEdgeAI.o)
                0x000000000800b050                neai_anomalydetection_learn
 *fill*         0x000000000800b2cc        0x4 
 .text.neai_anomalydetection_detect
                0x000000000800b2d0      0x1fc C:\Users\bhavy\Desktop\EduHack Project Files\STM32\Discovery_Rash_Driving_Detection\NanoEdgeAI\Lib\libneai.a(NanoEdgeAI.o)
                0x000000000800b2d0                neai_anomalydetection_detect
 .text.malloc   0x000000000800b4cc       0x10 C:/ST/STM32CubeIDE_1.13.0/STM32CubeIDE/plugins/com.st.stm32cube.ide.mcu.externaltools.gnu-tools-for-stm32.11.3.rel1.win32_1.1.0.202305231506/tools/bin/../lib/gcc/arm-none-eabi/11.3.1/../../../../arm-none-eabi/lib/thumb/v7e-m+fp/hard\libc_nano.a(libc_a-malloc.o)
                0x000000000800b4cc                malloc
 .text.free     0x000000000800b4dc       0x10 C:/ST/STM32CubeIDE_1.13.0/STM32CubeIDE/plugins/com.st.stm32cube.ide.mcu.externaltools.gnu-tools-for-stm32.11.3.rel1.win32_1.1.0.202305231506/tools/bin/../lib/gcc/arm-none-eabi/11.3.1/../../../../arm-none-eabi/lib/thumb/v7e-m+fp/hard\libc_nano.a(libc_a-malloc.o)
                0x000000000800b4dc                free
 .text.sbrk_aligned
                0x000000000800b4ec       0x40 C:/ST/STM32CubeIDE_1.13.0/STM32CubeIDE/plugins/com.st.stm32cube.ide.mcu.externaltools.gnu-tools-for-stm32.11.3.rel1.win32_1.1.0.202305231506/tools/bin/../lib/gcc/arm-none-eabi/11.3.1/../../../../arm-none-eabi/lib/thumb/v7e-m+fp/hard\libc_nano.a(libc_a-mallocr.o)
 .text._malloc_r
                0x000000000800b52c      0x100 C:/ST/STM32CubeIDE_1.13.0/STM32CubeIDE/plugins/com.st.stm32cube.ide.mcu.externaltools.gnu-tools-for-stm32.11.3.rel1.win32_1.1.0.202305231506/tools/bin/../lib/gcc/arm-none-eabi/11.3.1/../../../../arm-none-eabi/lib/thumb/v7e-m+fp/hard\libc_nano.a(libc_a-mallocr.o)
                0x000000000800b52c                _malloc_r
 .text.__malloc_lock
                0x000000000800b62c        0xc C:/ST/STM32CubeIDE_1.13.0/STM32CubeIDE/plugins/com.st.stm32cube.ide.mcu.externaltools.gnu-tools-for-stm32.11.3.rel1.win32_1.1.0.202305231506/tools/bin/../lib/gcc/arm-none-eabi/11.3.1/../../../../arm-none-eabi/lib/thumb/v7e-m+fp/hard\libc_nano.a(libc_a-mlock.o)
                0x000000000800b62c                __malloc_lock
 .text.__malloc_unlock
                0x000000000800b638        0xc C:/ST/STM32CubeIDE_1.13.0/STM32CubeIDE/plugins/com.st.stm32cube.ide.mcu.externaltools.gnu-tools-for-stm32.11.3.rel1.win32_1.1.0.202305231506/tools/bin/../lib/gcc/arm-none-eabi/11.3.1/../../../../arm-none-eabi/lib/thumb/v7e-m+fp/hard\libc_nano.a(libc_a-mlock.o)
                0x000000000800b638                __malloc_unlock
 .text.std      0x000000000800b644       0x48 C:/ST/STM32CubeIDE_1.13.0/STM32CubeIDE/plugins/com.st.stm32cube.ide.mcu.externaltools.gnu-tools-for-stm32.11.3.rel1.win32_1.1.0.202305231506/tools/bin/../lib/gcc/arm-none-eabi/11.3.1/../../../../arm-none-eabi/lib/thumb/v7e-m+fp/hard\libc_nano.a(libc_a-findfp.o)
 .text.stdio_exit_handler
                0x000000000800b68c       0x18 C:/ST/STM32CubeIDE_1.13.0/STM32CubeIDE/plugins/com.st.stm32cube.ide.mcu.externaltools.gnu-tools-for-stm32.11.3.rel1.win32_1.1.0.202305231506/tools/bin/../lib/gcc/arm-none-eabi/11.3.1/../../../../arm-none-eabi/lib/thumb/v7e-m+fp/hard\libc_nano.a(libc_a-findfp.o)
 .text.cleanup_stdio
                0x000000000800b6a4       0x40 C:/ST/STM32CubeIDE_1.13.0/STM32CubeIDE/plugins/com.st.stm32cube.ide.mcu.externaltools.gnu-tools-for-stm32.11.3.rel1.win32_1.1.0.202305231506/tools/bin/../lib/gcc/arm-none-eabi/11.3.1/../../../../arm-none-eabi/lib/thumb/v7e-m+fp/hard\libc_nano.a(libc_a-findfp.o)
 .text.global_stdio_init.part.0
                0x000000000800b6e4       0x3c C:/ST/STM32CubeIDE_1.13.0/STM32CubeIDE/plugins/com.st.stm32cube.ide.mcu.externaltools.gnu-tools-for-stm32.11.3.rel1.win32_1.1.0.202305231506/tools/bin/../lib/gcc/arm-none-eabi/11.3.1/../../../../arm-none-eabi/lib/thumb/v7e-m+fp/hard\libc_nano.a(libc_a-findfp.o)
 .text.__sfp_lock_acquire
                0x000000000800b720        0xc C:/ST/STM32CubeIDE_1.13.0/STM32CubeIDE/plugins/com.st.stm32cube.ide.mcu.externaltools.gnu-tools-for-stm32.11.3.rel1.win32_1.1.0.202305231506/tools/bin/../lib/gcc/arm-none-eabi/11.3.1/../../../../arm-none-eabi/lib/thumb/v7e-m+fp/hard\libc_nano.a(libc_a-findfp.o)
                0x000000000800b720                __sfp_lock_acquire
 .text.__sfp_lock_release
                0x000000000800b72c        0xc C:/ST/STM32CubeIDE_1.13.0/STM32CubeIDE/plugins/com.st.stm32cube.ide.mcu.externaltools.gnu-tools-for-stm32.11.3.rel1.win32_1.1.0.202305231506/tools/bin/../lib/gcc/arm-none-eabi/11.3.1/../../../../arm-none-eabi/lib/thumb/v7e-m+fp/hard\libc_nano.a(libc_a-findfp.o)
                0x000000000800b72c                __sfp_lock_release
 .text.__sinit  0x000000000800b738       0x30 C:/ST/STM32CubeIDE_1.13.0/STM32CubeIDE/plugins/com.st.stm32cube.ide.mcu.externaltools.gnu-tools-for-stm32.11.3.rel1.win32_1.1.0.202305231506/tools/bin/../lib/gcc/arm-none-eabi/11.3.1/../../../../arm-none-eabi/lib/thumb/v7e-m+fp/hard\libc_nano.a(libc_a-findfp.o)
                0x000000000800b738                __sinit
 .text._fwalk_sglue
                0x000000000800b768       0x3c C:/ST/STM32CubeIDE_1.13.0/STM32CubeIDE/plugins/com.st.stm32cube.ide.mcu.externaltools.gnu-tools-for-stm32.11.3.rel1.win32_1.1.0.202305231506/tools/bin/../lib/gcc/arm-none-eabi/11.3.1/../../../../arm-none-eabi/lib/thumb/v7e-m+fp/hard\libc_nano.a(libc_a-fwalk.o)
                0x000000000800b768                _fwalk_sglue
 .text.printf   0x000000000800b7a4       0x24 C:/ST/STM32CubeIDE_1.13.0/STM32CubeIDE/plugins/com.st.stm32cube.ide.mcu.externaltools.gnu-tools-for-stm32.11.3.rel1.win32_1.1.0.202305231506/tools/bin/../lib/gcc/arm-none-eabi/11.3.1/../../../../arm-none-eabi/lib/thumb/v7e-m+fp/hard\libc_nano.a(libc_a-printf.o)
                0x000000000800b7a4                iprintf
                0x000000000800b7a4                printf
 .text._puts_r  0x000000000800b7c8       0xa8 C:/ST/STM32CubeIDE_1.13.0/STM32CubeIDE/plugins/com.st.stm32cube.ide.mcu.externaltools.gnu-tools-for-stm32.11.3.rel1.win32_1.1.0.202305231506/tools/bin/../lib/gcc/arm-none-eabi/11.3.1/../../../../arm-none-eabi/lib/thumb/v7e-m+fp/hard\libc_nano.a(libc_a-puts.o)
                0x000000000800b7c8                _puts_r
 .text.puts     0x000000000800b870       0x10 C:/ST/STM32CubeIDE_1.13.0/STM32CubeIDE/plugins/com.st.stm32cube.ide.mcu.externaltools.gnu-tools-for-stm32.11.3.rel1.win32_1.1.0.202305231506/tools/bin/../lib/gcc/arm-none-eabi/11.3.1/../../../../arm-none-eabi/lib/thumb/v7e-m+fp/hard\libc_nano.a(libc_a-puts.o)
                0x000000000800b870                puts
 .text.__sread  0x000000000800b880       0x22 C:/ST/STM32CubeIDE_1.13.0/STM32CubeIDE/plugins/com.st.stm32cube.ide.mcu.externaltools.gnu-tools-for-stm32.11.3.rel1.win32_1.1.0.202305231506/tools/bin/../lib/gcc/arm-none-eabi/11.3.1/../../../../arm-none-eabi/lib/thumb/v7e-m+fp/hard\libc_nano.a(libc_a-stdio.o)
                0x000000000800b880                __sread
 .text.__swrite
                0x000000000800b8a2       0x38 C:/ST/STM32CubeIDE_1.13.0/STM32CubeIDE/plugins/com.st.stm32cube.ide.mcu.externaltools.gnu-tools-for-stm32.11.3.rel1.win32_1.1.0.202305231506/tools/bin/../lib/gcc/arm-none-eabi/11.3.1/../../../../arm-none-eabi/lib/thumb/v7e-m+fp/hard\libc_nano.a(libc_a-stdio.o)
                0x000000000800b8a2                __swrite
 .text.__sseek  0x000000000800b8da       0x24 C:/ST/STM32CubeIDE_1.13.0/STM32CubeIDE/plugins/com.st.stm32cube.ide.mcu.externaltools.gnu-tools-for-stm32.11.3.rel1.win32_1.1.0.202305231506/tools/bin/../lib/gcc/arm-none-eabi/11.3.1/../../../../arm-none-eabi/lib/thumb/v7e-m+fp/hard\libc_nano.a(libc_a-stdio.o)
                0x000000000800b8da                __sseek
 .text.__sclose
                0x000000000800b8fe        0x8 C:/ST/STM32CubeIDE_1.13.0/STM32CubeIDE/plugins/com.st.stm32cube.ide.mcu.externaltools.gnu-tools-for-stm32.11.3.rel1.win32_1.1.0.202305231506/tools/bin/../lib/gcc/arm-none-eabi/11.3.1/../../../../arm-none-eabi/lib/thumb/v7e-m+fp/hard\libc_nano.a(libc_a-stdio.o)
                0x000000000800b8fe                __sclose
 .text.__swbuf_r
                0x000000000800b906       0x7a C:/ST/STM32CubeIDE_1.13.0/STM32CubeIDE/plugins/com.st.stm32cube.ide.mcu.externaltools.gnu-tools-for-stm32.11.3.rel1.win32_1.1.0.202305231506/tools/bin/../lib/gcc/arm-none-eabi/11.3.1/../../../../arm-none-eabi/lib/thumb/v7e-m+fp/hard\libc_nano.a(libc_a-wbuf.o)
                0x000000000800b906                __swbuf_r
 .text.__swsetup_r
                0x000000000800b980       0xb0 C:/ST/STM32CubeIDE_1.13.0/STM32CubeIDE/plugins/com.st.stm32cube.ide.mcu.externaltools.gnu-tools-for-stm32.11.3.rel1.win32_1.1.0.202305231506/tools/bin/../lib/gcc/arm-none-eabi/11.3.1/../../../../arm-none-eabi/lib/thumb/v7e-m+fp/hard\libc_nano.a(libc_a-wsetup.o)
                0x000000000800b980                __swsetup_r
 .text.memset   0x000000000800ba30       0x10 C:/ST/STM32CubeIDE_1.13.0/STM32CubeIDE/plugins/com.st.stm32cube.ide.mcu.externaltools.gnu-tools-for-stm32.11.3.rel1.win32_1.1.0.202305231506/tools/bin/../lib/gcc/arm-none-eabi/11.3.1/../../../../arm-none-eabi/lib/thumb/v7e-m+fp/hard\libc_nano.a(libc_a-memset.o)
                0x000000000800ba30                memset
 .text._close_r
                0x000000000800ba40       0x20 C:/ST/STM32CubeIDE_1.13.0/STM32CubeIDE/plugins/com.st.stm32cube.ide.mcu.externaltools.gnu-tools-for-stm32.11.3.rel1.win32_1.1.0.202305231506/tools/bin/../lib/gcc/arm-none-eabi/11.3.1/../../../../arm-none-eabi/lib/thumb/v7e-m+fp/hard\libc_nano.a(libc_a-closer.o)
                0x000000000800ba40                _close_r
 .text._lseek_r
                0x000000000800ba60       0x24 C:/ST/STM32CubeIDE_1.13.0/STM32CubeIDE/plugins/com.st.stm32cube.ide.mcu.externaltools.gnu-tools-for-stm32.11.3.rel1.win32_1.1.0.202305231506/tools/bin/../lib/gcc/arm-none-eabi/11.3.1/../../../../arm-none-eabi/lib/thumb/v7e-m+fp/hard\libc_nano.a(libc_a-lseekr.o)
                0x000000000800ba60                _lseek_r
 .text._read_r  0x000000000800ba84       0x24 C:/ST/STM32CubeIDE_1.13.0/STM32CubeIDE/plugins/com.st.stm32cube.ide.mcu.externaltools.gnu-tools-for-stm32.11.3.rel1.win32_1.1.0.202305231506/tools/bin/../lib/gcc/arm-none-eabi/11.3.1/../../../../arm-none-eabi/lib/thumb/v7e-m+fp/hard\libc_nano.a(libc_a-readr.o)
                0x000000000800ba84                _read_r
 .text._sbrk_r  0x000000000800baa8       0x20 C:/ST/STM32CubeIDE_1.13.0/STM32CubeIDE/plugins/com.st.stm32cube.ide.mcu.externaltools.gnu-tools-for-stm32.11.3.rel1.win32_1.1.0.202305231506/tools/bin/../lib/gcc/arm-none-eabi/11.3.1/../../../../arm-none-eabi/lib/thumb/v7e-m+fp/hard\libc_nano.a(libc_a-sbrkr.o)
                0x000000000800baa8                _sbrk_r
 .text._write_r
                0x000000000800bac8       0x24 C:/ST/STM32CubeIDE_1.13.0/STM32CubeIDE/plugins/com.st.stm32cube.ide.mcu.externaltools.gnu-tools-for-stm32.11.3.rel1.win32_1.1.0.202305231506/tools/bin/../lib/gcc/arm-none-eabi/11.3.1/../../../../arm-none-eabi/lib/thumb/v7e-m+fp/hard\libc_nano.a(libc_a-writer.o)
                0x000000000800bac8                _write_r
 .text.__errno  0x000000000800baec        0xc C:/ST/STM32CubeIDE_1.13.0/STM32CubeIDE/plugins/com.st.stm32cube.ide.mcu.externaltools.gnu-tools-for-stm32.11.3.rel1.win32_1.1.0.202305231506/tools/bin/../lib/gcc/arm-none-eabi/11.3.1/../../../../arm-none-eabi/lib/thumb/v7e-m+fp/hard\libc_nano.a(libc_a-errno.o)
                0x000000000800baec                __errno
 .text.__libc_init_array
                0x000000000800baf8       0x48 C:/ST/STM32CubeIDE_1.13.0/STM32CubeIDE/plugins/com.st.stm32cube.ide.mcu.externaltools.gnu-tools-for-stm32.11.3.rel1.win32_1.1.0.202305231506/tools/bin/../lib/gcc/arm-none-eabi/11.3.1/../../../../arm-none-eabi/lib/thumb/v7e-m+fp/hard\libc_nano.a(libc_a-init.o)
                0x000000000800baf8                __libc_init_array
 .text.__retarget_lock_acquire_recursive
                0x000000000800bb40        0x2 C:/ST/STM32CubeIDE_1.13.0/STM32CubeIDE/plugins/com.st.stm32cube.ide.mcu.externaltools.gnu-tools-for-stm32.11.3.rel1.win32_1.1.0.202305231506/tools/bin/../lib/gcc/arm-none-eabi/11.3.1/../../../../arm-none-eabi/lib/thumb/v7e-m+fp/hard\libc_nano.a(libc_a-lock.o)
                0x000000000800bb40                __retarget_lock_acquire_recursive
 .text.__retarget_lock_release_recursive
                0x000000000800bb42        0x2 C:/ST/STM32CubeIDE_1.13.0/STM32CubeIDE/plugins/com.st.stm32cube.ide.mcu.externaltools.gnu-tools-for-stm32.11.3.rel1.win32_1.1.0.202305231506/tools/bin/../lib/gcc/arm-none-eabi/11.3.1/../../../../arm-none-eabi/lib/thumb/v7e-m+fp/hard\libc_nano.a(libc_a-lock.o)
                0x000000000800bb42                __retarget_lock_release_recursive
 .text._free_r  0x000000000800bb44       0x98 C:/ST/STM32CubeIDE_1.13.0/STM32CubeIDE/plugins/com.st.stm32cube.ide.mcu.externaltools.gnu-tools-for-stm32.11.3.rel1.win32_1.1.0.202305231506/tools/bin/../lib/gcc/arm-none-eabi/11.3.1/../../../../arm-none-eabi/lib/thumb/v7e-m+fp/hard\libc_nano.a(libc_a-freer.o)
                0x000000000800bb44                _free_r
 .text.__sfputc_r
                0x000000000800bbdc       0x2e C:/ST/STM32CubeIDE_1.13.0/STM32CubeIDE/plugins/com.st.stm32cube.ide.mcu.externaltools.gnu-tools-for-stm32.11.3.rel1.win32_1.1.0.202305231506/tools/bin/../lib/gcc/arm-none-eabi/11.3.1/../../../../arm-none-eabi/lib/thumb/v7e-m+fp/hard\libc_nano.a(libc_a-nano-vfprintf.o)
 .text.__sfputs_r
                0x000000000800bc0a       0x24 C:/ST/STM32CubeIDE_1.13.0/STM32CubeIDE/plugins/com.st.stm32cube.ide.mcu.externaltools.gnu-tools-for-stm32.11.3.rel1.win32_1.1.0.202305231506/tools/bin/../lib/gcc/arm-none-eabi/11.3.1/../../../../arm-none-eabi/lib/thumb/v7e-m+fp/hard\libc_nano.a(libc_a-nano-vfprintf.o)
                0x000000000800bc0a                __sfputs_r
 *fill*         0x000000000800bc2e        0x2 
 .text._vfprintf_r
                0x000000000800bc30      0x234 C:/ST/STM32CubeIDE_1.13.0/STM32CubeIDE/plugins/com.st.stm32cube.ide.mcu.externaltools.gnu-tools-for-stm32.11.3.rel1.win32_1.1.0.202305231506/tools/bin/../lib/gcc/arm-none-eabi/11.3.1/../../../../arm-none-eabi/lib/thumb/v7e-m+fp/hard\libc_nano.a(libc_a-nano-vfprintf.o)
                0x000000000800bc30                _vfprintf_r
                0x000000000800bc30                _vfiprintf_r
 .text._printf_common
                0x000000000800be64       0xda C:/ST/STM32CubeIDE_1.13.0/STM32CubeIDE/plugins/com.st.stm32cube.ide.mcu.externaltools.gnu-tools-for-stm32.11.3.rel1.win32_1.1.0.202305231506/tools/bin/../lib/gcc/arm-none-eabi/11.3.1/../../../../arm-none-eabi/lib/thumb/v7e-m+fp/hard\libc_nano.a(libc_a-nano-vfprintf_i.o)
                0x000000000800be64                _printf_common
 *fill*         0x000000000800bf3e        0x2 
 .text._printf_i
                0x000000000800bf40      0x244 C:/ST/STM32CubeIDE_1.13.0/STM32CubeIDE/plugins/com.st.stm32cube.ide.mcu.externaltools.gnu-tools-for-stm32.11.3.rel1.win32_1.1.0.202305231506/tools/bin/../lib/gcc/arm-none-eabi/11.3.1/../../../../arm-none-eabi/lib/thumb/v7e-m+fp/hard\libc_nano.a(libc_a-nano-vfprintf_i.o)
                0x000000000800bf40                _printf_i
 .text.__sflush_r
                0x000000000800c184      0x10c C:/ST/STM32CubeIDE_1.13.0/STM32CubeIDE/plugins/com.st.stm32cube.ide.mcu.externaltools.gnu-tools-for-stm32.11.3.rel1.win32_1.1.0.202305231506/tools/bin/../lib/gcc/arm-none-eabi/11.3.1/../../../../arm-none-eabi/lib/thumb/v7e-m+fp/hard\libc_nano.a(libc_a-fflush.o)
                0x000000000800c184                __sflush_r
 .text._fflush_r
                0x000000000800c290       0x50 C:/ST/STM32CubeIDE_1.13.0/STM32CubeIDE/plugins/com.st.stm32cube.ide.mcu.externaltools.gnu-tools-for-stm32.11.3.rel1.win32_1.1.0.202305231506/tools/bin/../lib/gcc/arm-none-eabi/11.3.1/../../../../arm-none-eabi/lib/thumb/v7e-m+fp/hard\libc_nano.a(libc_a-fflush.o)
                0x000000000800c290                _fflush_r
 .text.__swhatbuf_r
                0x000000000800c2e0       0x4c C:/ST/STM32CubeIDE_1.13.0/STM32CubeIDE/plugins/com.st.stm32cube.ide.mcu.externaltools.gnu-tools-for-stm32.11.3.rel1.win32_1.1.0.202305231506/tools/bin/../lib/gcc/arm-none-eabi/11.3.1/../../../../arm-none-eabi/lib/thumb/v7e-m+fp/hard\libc_nano.a(libc_a-makebuf.o)
                0x000000000800c2e0                __swhatbuf_r
 .text.__smakebuf_r
                0x000000000800c32c       0x78 C:/ST/STM32CubeIDE_1.13.0/STM32CubeIDE/plugins/com.st.stm32cube.ide.mcu.externaltools.gnu-tools-for-stm32.11.3.rel1.win32_1.1.0.202305231506/tools/bin/../lib/gcc/arm-none-eabi/11.3.1/../../../../arm-none-eabi/lib/thumb/v7e-m+fp/hard\libc_nano.a(libc_a-makebuf.o)
                0x000000000800c32c                __smakebuf_r
 .text._fstat_r
                0x000000000800c3a4       0x24 C:/ST/STM32CubeIDE_1.13.0/STM32CubeIDE/plugins/com.st.stm32cube.ide.mcu.externaltools.gnu-tools-for-stm32.11.3.rel1.win32_1.1.0.202305231506/tools/bin/../lib/gcc/arm-none-eabi/11.3.1/../../../../arm-none-eabi/lib/thumb/v7e-m+fp/hard\libc_nano.a(libc_a-fstatr.o)
                0x000000000800c3a4                _fstat_r
 .text._isatty_r
                0x000000000800c3c8       0x20 C:/ST/STM32CubeIDE_1.13.0/STM32CubeIDE/plugins/com.st.stm32cube.ide.mcu.externaltools.gnu-tools-for-stm32.11.3.rel1.win32_1.1.0.202305231506/tools/bin/../lib/gcc/arm-none-eabi/11.3.1/../../../../arm-none-eabi/lib/thumb/v7e-m+fp/hard\libc_nano.a(libc_a-isattyr.o)
                0x000000000800c3c8                _isatty_r
 .text.logf     0x000000000800c3e8       0x5c C:/ST/STM32CubeIDE_1.13.0/STM32CubeIDE/plugins/com.st.stm32cube.ide.mcu.externaltools.gnu-tools-for-stm32.11.3.rel1.win32_1.1.0.202305231506/tools/bin/../lib/gcc/arm-none-eabi/11.3.1/../../../../arm-none-eabi/lib/thumb/v7e-m+fp/hard\libm.a(libm_a-wf_log.o)
                0x000000000800c3e8                logf
 .text.sqrtf    0x000000000800c444       0x3c C:/ST/STM32CubeIDE_1.13.0/STM32CubeIDE/plugins/com.st.stm32cube.ide.mcu.externaltools.gnu-tools-for-stm32.11.3.rel1.win32_1.1.0.202305231506/tools/bin/../lib/gcc/arm-none-eabi/11.3.1/../../../../arm-none-eabi/lib/thumb/v7e-m+fp/hard\libm.a(libm_a-wf_sqrt.o)
                0x000000000800c444                sqrtf
 .text.fmax     0x000000000800c480       0x4e C:/ST/STM32CubeIDE_1.13.0/STM32CubeIDE/plugins/com.st.stm32cube.ide.mcu.externaltools.gnu-tools-for-stm32.11.3.rel1.win32_1.1.0.202305231506/tools/bin/../lib/gcc/arm-none-eabi/11.3.1/../../../../arm-none-eabi/lib/thumb/v7e-m+fp/hard\libm.a(libm_a-s_fmax.o)
                0x000000000800c480                fmax
 *fill*         0x000000000800c4ce        0x2 
 .text.__fpclassifyd
                0x000000000800c4d0       0x54 C:/ST/STM32CubeIDE_1.13.0/STM32CubeIDE/plugins/com.st.stm32cube.ide.mcu.externaltools.gnu-tools-for-stm32.11.3.rel1.win32_1.1.0.202305231506/tools/bin/../lib/gcc/arm-none-eabi/11.3.1/../../../../arm-none-eabi/lib/thumb/v7e-m+fp/hard\libm.a(libm_a-s_fpclassify.o)
                0x000000000800c4d0                __fpclassifyd
 .text.nanf     0x000000000800c524        0xc C:/ST/STM32CubeIDE_1.13.0/STM32CubeIDE/plugins/com.st.stm32cube.ide.mcu.externaltools.gnu-tools-for-stm32.11.3.rel1.win32_1.1.0.202305231506/tools/bin/../lib/gcc/arm-none-eabi/11.3.1/../../../../arm-none-eabi/lib/thumb/v7e-m+fp/hard\libm.a(libm_a-sf_nan.o)
                0x000000000800c524                nanf
 .text.fminf    0x000000000800c530       0x36 C:/ST/STM32CubeIDE_1.13.0/STM32CubeIDE/plugins/com.st.stm32cube.ide.mcu.externaltools.gnu-tools-for-stm32.11.3.rel1.win32_1.1.0.202305231506/tools/bin/../lib/gcc/arm-none-eabi/11.3.1/../../../../arm-none-eabi/lib/thumb/v7e-m+fp/hard\libm.a(libm_a-sf_fmin.o)
                0x000000000800c530                fminf
 *fill*         0x000000000800c566        0x2 
 .text.__fpclassifyf
                0x000000000800c568       0x38 C:/ST/STM32CubeIDE_1.13.0/STM32CubeIDE/plugins/com.st.stm32cube.ide.mcu.externaltools.gnu-tools-for-stm32.11.3.rel1.win32_1.1.0.202305231506/tools/bin/../lib/gcc/arm-none-eabi/11.3.1/../../../../arm-none-eabi/lib/thumb/v7e-m+fp/hard\libm.a(libm_a-sf_fpclassify.o)
                0x000000000800c568                __fpclassifyf
 .text.__ieee754_sqrtf
                0x000000000800c5a0        0x6 C:/ST/STM32CubeIDE_1.13.0/STM32CubeIDE/plugins/com.st.stm32cube.ide.mcu.externaltools.gnu-tools-for-stm32.11.3.rel1.win32_1.1.0.202305231506/tools/bin/../lib/gcc/arm-none-eabi/11.3.1/../../../../arm-none-eabi/lib/thumb/v7e-m+fp/hard\libm.a(libm_a-ef_sqrt.o)
                0x000000000800c5a0                __ieee754_sqrtf
 *fill*         0x000000000800c5a6        0x2 
 .text.__ieee754_logf
                0x000000000800c5a8      0x1e4 C:/ST/STM32CubeIDE_1.13.0/STM32CubeIDE/plugins/com.st.stm32cube.ide.mcu.externaltools.gnu-tools-for-stm32.11.3.rel1.win32_1.1.0.202305231506/tools/bin/../lib/gcc/arm-none-eabi/11.3.1/../../../../arm-none-eabi/lib/thumb/v7e-m+fp/hard\libm.a(libm_a-ef_log.o)
                0x000000000800c5a8                __ieee754_logf
 *(.glue_7)
 .glue_7        0x000000000800c78c        0x0 linker stubs
 *(.glue_7t)
 .glue_7t       0x000000000800c78c        0x0 linker stubs
 *(.eh_frame)
 .eh_frame      0x000000000800c78c        0x0 C:/ST/STM32CubeIDE_1.13.0/STM32CubeIDE/plugins/com.st.stm32cube.ide.mcu.externaltools.gnu-tools-for-stm32.11.3.rel1.win32_1.1.0.202305231506/tools/bin/../lib/gcc/arm-none-eabi/11.3.1/thumb/v7e-m+fp/hard/crtbegin.o
 *(.init)
 .init          0x000000000800c78c        0x4 C:/ST/STM32CubeIDE_1.13.0/STM32CubeIDE/plugins/com.st.stm32cube.ide.mcu.externaltools.gnu-tools-for-stm32.11.3.rel1.win32_1.1.0.202305231506/tools/bin/../lib/gcc/arm-none-eabi/11.3.1/thumb/v7e-m+fp/hard/crti.o
                0x000000000800c78c                _init
 .init          0x000000000800c790        0x8 C:/ST/STM32CubeIDE_1.13.0/STM32CubeIDE/plugins/com.st.stm32cube.ide.mcu.externaltools.gnu-tools-for-stm32.11.3.rel1.win32_1.1.0.202305231506/tools/bin/../lib/gcc/arm-none-eabi/11.3.1/thumb/v7e-m+fp/hard/crtn.o
 *(.fini)
 .fini          0x000000000800c798        0x4 C:/ST/STM32CubeIDE_1.13.0/STM32CubeIDE/plugins/com.st.stm32cube.ide.mcu.externaltools.gnu-tools-for-stm32.11.3.rel1.win32_1.1.0.202305231506/tools/bin/../lib/gcc/arm-none-eabi/11.3.1/thumb/v7e-m+fp/hard/crti.o
                0x000000000800c798                _fini
 .fini          0x000000000800c79c        0x8 C:/ST/STM32CubeIDE_1.13.0/STM32CubeIDE/plugins/com.st.stm32cube.ide.mcu.externaltools.gnu-tools-for-stm32.11.3.rel1.win32_1.1.0.202305231506/tools/bin/../lib/gcc/arm-none-eabi/11.3.1/thumb/v7e-m+fp/hard/crtn.o
                0x000000000800c7a4                . = ALIGN (0x4)
                0x000000000800c7a4                _etext = .

.vfp11_veneer   0x000000000800c7a4        0x0
 .vfp11_veneer  0x000000000800c7a4        0x0 linker stubs

.v4_bx          0x000000000800c7a4        0x0
 .v4_bx         0x000000000800c7a4        0x0 linker stubs

.iplt           0x000000000800c7a4        0x0
 .iplt          0x000000000800c7a4        0x0 C:/ST/STM32CubeIDE_1.13.0/STM32CubeIDE/plugins/com.st.stm32cube.ide.mcu.externaltools.gnu-tools-for-stm32.11.3.rel1.win32_1.1.0.202305231506/tools/bin/../lib/gcc/arm-none-eabi/11.3.1/thumb/v7e-m+fp/hard/crtbegin.o

.rodata         0x000000000800c7a4       0xec
                0x000000000800c7a4                . = ALIGN (0x4)
 *(.rodata)
 .rodata        0x000000000800c7a4       0x9a ./Core/Src/main.o
 *fill*         0x000000000800c83e        0x2 
 .rodata        0x000000000800c840        0x4 ./Middlewares/ST/STM32_USB_Host_Library/Class/CDC/Src/usbh_cdc.o
 *(.rodata*)
 .rodata.AHBPrescTable
                0x000000000800c844       0x10 ./Core/Src/system_stm32f4xx.o
                0x000000000800c844                AHBPrescTable
 .rodata.APBPrescTable
                0x000000000800c854        0x8 ./Core/Src/system_stm32f4xx.o
                0x000000000800c854                APBPrescTable
 .rodata._vfprintf_r.str1.1
                0x000000000800c85c       0x11 C:/ST/STM32CubeIDE_1.13.0/STM32CubeIDE/plugins/com.st.stm32cube.ide.mcu.externaltools.gnu-tools-for-stm32.11.3.rel1.win32_1.1.0.202305231506/tools/bin/../lib/gcc/arm-none-eabi/11.3.1/../../../../arm-none-eabi/lib/thumb/v7e-m+fp/hard\libc_nano.a(libc_a-nano-vfprintf.o)
 .rodata._printf_i.str1.1
                0x000000000800c86d       0x22 C:/ST/STM32CubeIDE_1.13.0/STM32CubeIDE/plugins/com.st.stm32cube.ide.mcu.externaltools.gnu-tools-for-stm32.11.3.rel1.win32_1.1.0.202305231506/tools/bin/../lib/gcc/arm-none-eabi/11.3.1/../../../../arm-none-eabi/lib/thumb/v7e-m+fp/hard\libc_nano.a(libc_a-nano-vfprintf_i.o)
 .rodata.logf.str1.1
                0x000000000800c88f       0x22 C:/ST/STM32CubeIDE_1.13.0/STM32CubeIDE/plugins/com.st.stm32cube.ide.mcu.externaltools.gnu-tools-for-stm32.11.3.rel1.win32_1.1.0.202305231506/tools/bin/../lib/gcc/arm-none-eabi/11.3.1/../../../../arm-none-eabi/lib/thumb/v7e-m+fp/hard\libm.a(libm_a-wf_log.o)
                                          0x1 (size before relaxing)
                0x000000000800c8b4                . = ALIGN (0x4)
 *fill*         0x000000000800c88f        0x1 

.ARM.extab      0x000000000800c890        0x0
                0x000000000800c890                . = ALIGN (0x4)
 *(.ARM.extab* .gnu.linkonce.armextab.*)
                0x000000000800c890                . = ALIGN (0x4)

.ARM            0x000000000800c890        0x8
                0x000000000800c890                . = ALIGN (0x4)
                0x000000000800c890                __exidx_start = .
 *(.ARM.exidx*)
 .ARM.exidx     0x000000000800c890        0x8 C:/ST/STM32CubeIDE_1.13.0/STM32CubeIDE/plugins/com.st.stm32cube.ide.mcu.externaltools.gnu-tools-for-stm32.11.3.rel1.win32_1.1.0.202305231506/tools/bin/../lib/gcc/arm-none-eabi/11.3.1/thumb/v7e-m+fp/hard\libgcc.a(_udivmoddi4.o)
                0x000000000800c898                __exidx_end = .
                0x000000000800c898                . = ALIGN (0x4)

.rel.dyn        0x000000000800c898        0x0
 .rel.iplt      0x000000000800c898        0x0 C:/ST/STM32CubeIDE_1.13.0/STM32CubeIDE/plugins/com.st.stm32cube.ide.mcu.externaltools.gnu-tools-for-stm32.11.3.rel1.win32_1.1.0.202305231506/tools/bin/../lib/gcc/arm-none-eabi/11.3.1/thumb/v7e-m+fp/hard/crtbegin.o

.preinit_array  0x000000000800c898        0x0
                0x000000000800c898                . = ALIGN (0x4)
                0x000000000800c898                PROVIDE (__preinit_array_start = .)
 *(.preinit_array*)
                0x000000000800c898                PROVIDE (__preinit_array_end = .)
                0x000000000800c898                . = ALIGN (0x4)

.init_array     0x000000000800c898        0x4
                0x000000000800c898                . = ALIGN (0x4)
                0x000000000800c898                PROVIDE (__init_array_start = .)
 *(SORT_BY_NAME(.init_array.*))
 *(.init_array*)
 .init_array    0x000000000800c898        0x4 C:/ST/STM32CubeIDE_1.13.0/STM32CubeIDE/plugins/com.st.stm32cube.ide.mcu.externaltools.gnu-tools-for-stm32.11.3.rel1.win32_1.1.0.202305231506/tools/bin/../lib/gcc/arm-none-eabi/11.3.1/thumb/v7e-m+fp/hard/crtbegin.o
                0x000000000800c89c                PROVIDE (__init_array_end = .)
                0x000000000800c89c                . = ALIGN (0x4)

.fini_array     0x000000000800c89c        0x4
                0x000000000800c89c                . = ALIGN (0x4)
                [!provide]                        PROVIDE (__fini_array_start = .)
 *(SORT_BY_NAME(.fini_array.*))
 *(.fini_array*)
 .fini_array    0x000000000800c89c        0x4 C:/ST/STM32CubeIDE_1.13.0/STM32CubeIDE/plugins/com.st.stm32cube.ide.mcu.externaltools.gnu-tools-for-stm32.11.3.rel1.win32_1.1.0.202305231506/tools/bin/../lib/gcc/arm-none-eabi/11.3.1/thumb/v7e-m+fp/hard/crtbegin.o
                [!provide]                        PROVIDE (__fini_array_end = .)
                0x000000000800c8a0                . = ALIGN (0x4)
                0x000000000800c8a0                _sidata = LOADADDR (.data)

.data           0x0000000020000000       0xac load address 0x000000000800c8a0
                0x0000000020000000                . = ALIGN (0x4)
                0x0000000020000000                _sdata = .
 *(.data)
 *(.data*)
 .data.SystemCoreClock
                0x0000000020000000        0x4 ./Core/Src/system_stm32f4xx.o
                0x0000000020000000                SystemCoreClock
 .data.uwTickPrio
                0x0000000020000004        0x4 ./Drivers/STM32F4xx_HAL_Driver/Src/stm32f4xx_hal.o
                0x0000000020000004                uwTickPrio
 .data.uwTickFreq
                0x0000000020000008        0x1 ./Drivers/STM32F4xx_HAL_Driver/Src/stm32f4xx_hal.o
                0x0000000020000008                uwTickFreq
 *fill*         0x0000000020000009        0x3 
 .data.CDC_Class
                0x000000002000000c       0x20 ./Middlewares/ST/STM32_USB_Host_Library/Class/CDC/Src/usbh_cdc.o
                0x000000002000000c                CDC_Class
 .data.funccad115
                0x000000002000002c       0x1b C:\Users\bhavy\Desktop\EduHack Project Files\STM32\Discovery_Rash_Driving_Detection\NanoEdgeAI\Lib\libneai.a(NanoEdgeAI.o)
 *fill*         0x0000000020000047        0x1 
 .data.funccad25
                0x0000000020000048        0x4 C:\Users\bhavy\Desktop\EduHack Project Files\STM32\Discovery_Rash_Driving_Detection\NanoEdgeAI\Lib\libneai.a(NanoEdgeAI.o)
 .data.funccad41
                0x000000002000004c        0x4 C:\Users\bhavy\Desktop\EduHack Project Files\STM32\Discovery_Rash_Driving_Detection\NanoEdgeAI\Lib\libneai.a(NanoEdgeAI.o)
 .data.__sglue  0x0000000020000050        0xc C:/ST/STM32CubeIDE_1.13.0/STM32CubeIDE/plugins/com.st.stm32cube.ide.mcu.externaltools.gnu-tools-for-stm32.11.3.rel1.win32_1.1.0.202305231506/tools/bin/../lib/gcc/arm-none-eabi/11.3.1/../../../../arm-none-eabi/lib/thumb/v7e-m+fp/hard\libc_nano.a(libc_a-findfp.o)
                0x0000000020000050                __sglue
 .data._impure_data
                0x000000002000005c       0x4c C:/ST/STM32CubeIDE_1.13.0/STM32CubeIDE/plugins/com.st.stm32cube.ide.mcu.externaltools.gnu-tools-for-stm32.11.3.rel1.win32_1.1.0.202305231506/tools/bin/../lib/gcc/arm-none-eabi/11.3.1/../../../../arm-none-eabi/lib/thumb/v7e-m+fp/hard\libc_nano.a(libc_a-impure.o)
                0x000000002000005c                _impure_data
 .data._impure_ptr
                0x00000000200000a8        0x4 C:/ST/STM32CubeIDE_1.13.0/STM32CubeIDE/plugins/com.st.stm32cube.ide.mcu.externaltools.gnu-tools-for-stm32.11.3.rel1.win32_1.1.0.202305231506/tools/bin/../lib/gcc/arm-none-eabi/11.3.1/../../../../arm-none-eabi/lib/thumb/v7e-m+fp/hard\libc_nano.a(libc_a-impure.o)
                0x00000000200000a8                _impure_ptr
 *(.RamFunc)
 *(.RamFunc*)
                0x00000000200000ac                . = ALIGN (0x4)
                0x00000000200000ac                _edata = .
                0x000000000800ca94                _siccmram = LOADADDR (.ccmram)

.igot.plt       0x00000000200000ac        0x0 load address 0x000000000800c94c
 .igot.plt      0x00000000200000ac        0x0 C:/ST/STM32CubeIDE_1.13.0/STM32CubeIDE/plugins/com.st.stm32cube.ide.mcu.externaltools.gnu-tools-for-stm32.11.3.rel1.win32_1.1.0.202305231506/tools/bin/../lib/gcc/arm-none-eabi/11.3.1/thumb/v7e-m+fp/hard/crtbegin.o

.neai           0x00000000200000ac      0x148 load address 0x000000000800c94c
 .neai          0x00000000200000ac      0x148 C:\Users\bhavy\Desktop\EduHack Project Files\STM32\Discovery_Rash_Driving_Detection\NanoEdgeAI\Lib\libneai.a(NanoEdgeAI.o)

.ccmram         0x0000000010000000        0x0 load address 0x000000000800ca94
                0x0000000010000000                . = ALIGN (0x4)
                0x0000000010000000                _sccmram = .
 *(.ccmram)
 *(.ccmram*)
                0x0000000010000000                . = ALIGN (0x4)
                0x0000000010000000                _eccmram = .
                0x0000000010000000                . = ALIGN (0x4)

.bss            0x00000000200001f4     0x1510
                0x00000000200001f4                _sbss = .
                0x00000000200001f4                __bss_start__ = _sbss
 *(.bss)
 .bss           0x00000000200001f4       0x1c C:/ST/STM32CubeIDE_1.13.0/STM32CubeIDE/plugins/com.st.stm32cube.ide.mcu.externaltools.gnu-tools-for-stm32.11.3.rel1.win32_1.1.0.202305231506/tools/bin/../lib/gcc/arm-none-eabi/11.3.1/thumb/v7e-m+fp/hard/crtbegin.o
 *(.bss*)
 .bss.accel_data
                0x0000000020000210        0x6 ./Core/Src/main.o
                0x0000000020000210                accel_data
 *fill*         0x0000000020000216        0x2 
 .bss.gyro_data
                0x0000000020000218        0x6 ./Core/Src/main.o
                0x0000000020000218                gyro_data
 *fill*         0x000000002000021e        0x2 
 .bss.Ax        0x0000000020000220        0x4 ./Core/Src/main.o
                0x0000000020000220                Ax
 .bss.Ay        0x0000000020000224        0x4 ./Core/Src/main.o
                0x0000000020000224                Ay
 .bss.Az        0x0000000020000228        0x4 ./Core/Src/main.o
                0x0000000020000228                Az
 .bss.Gx        0x000000002000022c        0x4 ./Core/Src/main.o
                0x000000002000022c                Gx
 .bss.Gy        0x0000000020000230        0x4 ./Core/Src/main.o
                0x0000000020000230                Gy
 .bss.Gz        0x0000000020000234        0x4 ./Core/Src/main.o
                0x0000000020000234                Gz
 .bss.hi2c3     0x0000000020000238       0x54 ./Core/Src/main.o
                0x0000000020000238                hi2c3
 .bss.hi2s3     0x000000002000028c       0x48 ./Core/Src/main.o
                0x000000002000028c                hi2s3
 .bss.hspi1     0x00000000200002d4       0x58 ./Core/Src/main.o
                0x00000000200002d4                hspi1
 .bss.huart2    0x000000002000032c       0x44 ./Core/Src/main.o
                0x000000002000032c                huart2
 .bss.huart3    0x0000000020000370       0x44 ./Core/Src/main.o
                0x0000000020000370                huart3
 .bss.similarity
                0x00000000200003b4        0x1 ./Core/Src/main.o
                0x00000000200003b4                similarity
 *fill*         0x00000000200003b5        0x3 
 .bss.mpu_buffer
                0x00000000200003b8      0x600 ./Core/Src/main.o
                0x00000000200003b8                mpu_buffer
 .bss.__sbrk_heap_end
                0x00000000200009b8        0x4 ./Core/Src/sysmem.o
 .bss.uwTick    0x00000000200009bc        0x4 ./Drivers/STM32F4xx_HAL_Driver/Src/stm32f4xx_hal.o
                0x00000000200009bc                uwTick
 .bss.hUsbHostFS
                0x00000000200009c0      0x3d8 ./USB_HOST/App/usb_host.o
                0x00000000200009c0                hUsbHostFS
 .bss.Appli_state
                0x0000000020000d98        0x1 ./USB_HOST/App/usb_host.o
                0x0000000020000d98                Appli_state
 *fill*         0x0000000020000d99        0x3 
 .bss.hhcd_USB_OTG_FS
                0x0000000020000d9c      0x304 ./USB_HOST/Target/usbh_conf.o
                0x0000000020000d9c                hhcd_USB_OTG_FS
 .bss.funccad117
                0x00000000200010a0      0x288 C:\Users\bhavy\Desktop\EduHack Project Files\STM32\Discovery_Rash_Driving_Detection\NanoEdgeAI\Lib\libneai.a(NanoEdgeAI.o)
 .bss.funccad118
                0x0000000020001328      0x100 C:\Users\bhavy\Desktop\EduHack Project Files\STM32\Discovery_Rash_Driving_Detection\NanoEdgeAI\Lib\libneai.a(NanoEdgeAI.o)
 .bss.funccad119
                0x0000000020001428      0x100 C:\Users\bhavy\Desktop\EduHack Project Files\STM32\Discovery_Rash_Driving_Detection\NanoEdgeAI\Lib\libneai.a(NanoEdgeAI.o)
 .bss.funccad36
                0x0000000020001528       0x90 C:\Users\bhavy\Desktop\EduHack Project Files\STM32\Discovery_Rash_Driving_Detection\NanoEdgeAI\Lib\libneai.a(NanoEdgeAI.o)
 .bss.__malloc_free_list
                0x00000000200015b8        0x4 C:/ST/STM32CubeIDE_1.13.0/STM32CubeIDE/plugins/com.st.stm32cube.ide.mcu.externaltools.gnu-tools-for-stm32.11.3.rel1.win32_1.1.0.202305231506/tools/bin/../lib/gcc/arm-none-eabi/11.3.1/../../../../arm-none-eabi/lib/thumb/v7e-m+fp/hard\libc_nano.a(libc_a-mallocr.o)
                0x00000000200015b8                __malloc_free_list
 .bss.__malloc_sbrk_start
                0x00000000200015bc        0x4 C:/ST/STM32CubeIDE_1.13.0/STM32CubeIDE/plugins/com.st.stm32cube.ide.mcu.externaltools.gnu-tools-for-stm32.11.3.rel1.win32_1.1.0.202305231506/tools/bin/../lib/gcc/arm-none-eabi/11.3.1/../../../../arm-none-eabi/lib/thumb/v7e-m+fp/hard\libc_nano.a(libc_a-mallocr.o)
                0x00000000200015bc                __malloc_sbrk_start
 .bss.__sf      0x00000000200015c0      0x138 C:/ST/STM32CubeIDE_1.13.0/STM32CubeIDE/plugins/com.st.stm32cube.ide.mcu.externaltools.gnu-tools-for-stm32.11.3.rel1.win32_1.1.0.202305231506/tools/bin/../lib/gcc/arm-none-eabi/11.3.1/../../../../arm-none-eabi/lib/thumb/v7e-m+fp/hard\libc_nano.a(libc_a-findfp.o)
                0x00000000200015c0                __sf
 .bss.__stdio_exit_handler
                0x00000000200016f8        0x4 C:/ST/STM32CubeIDE_1.13.0/STM32CubeIDE/plugins/com.st.stm32cube.ide.mcu.externaltools.gnu-tools-for-stm32.11.3.rel1.win32_1.1.0.202305231506/tools/bin/../lib/gcc/arm-none-eabi/11.3.1/../../../../arm-none-eabi/lib/thumb/v7e-m+fp/hard\libc_nano.a(libc_a-findfp.o)
                0x00000000200016f8                __stdio_exit_handler
 .bss.errno     0x00000000200016fc        0x4 C:/ST/STM32CubeIDE_1.13.0/STM32CubeIDE/plugins/com.st.stm32cube.ide.mcu.externaltools.gnu-tools-for-stm32.11.3.rel1.win32_1.1.0.202305231506/tools/bin/../lib/gcc/arm-none-eabi/11.3.1/../../../../arm-none-eabi/lib/thumb/v7e-m+fp/hard\libc_nano.a(libc_a-reent.o)
                0x00000000200016fc                errno
 .bss.__lock___malloc_recursive_mutex
                0x0000000020001700        0x1 C:/ST/STM32CubeIDE_1.13.0/STM32CubeIDE/plugins/com.st.stm32cube.ide.mcu.externaltools.gnu-tools-for-stm32.11.3.rel1.win32_1.1.0.202305231506/tools/bin/../lib/gcc/arm-none-eabi/11.3.1/../../../../arm-none-eabi/lib/thumb/v7e-m+fp/hard\libc_nano.a(libc_a-lock.o)
                0x0000000020001700                __lock___malloc_recursive_mutex
 .bss.__lock___sfp_recursive_mutex
                0x0000000020001701        0x1 C:/ST/STM32CubeIDE_1.13.0/STM32CubeIDE/plugins/com.st.stm32cube.ide.mcu.externaltools.gnu-tools-for-stm32.11.3.rel1.win32_1.1.0.202305231506/tools/bin/../lib/gcc/arm-none-eabi/11.3.1/../../../../arm-none-eabi/lib/thumb/v7e-m+fp/hard\libc_nano.a(libc_a-lock.o)
                0x0000000020001701                __lock___sfp_recursive_mutex
 *(COMMON)
                0x0000000020001704                . = ALIGN (0x4)
 *fill*         0x0000000020001702        0x2 
                0x0000000020001704                _ebss = .
                0x0000000020001704                __bss_end__ = _ebss

._user_heap_stack
                0x0000000020001704      0x604
                0x0000000020001708                . = ALIGN (0x8)
 *fill*         0x0000000020001704        0x4 
                [!provide]                        PROVIDE (end = .)
                0x0000000020001708                PROVIDE (_end = .)
                0x0000000020001908                . = (. + _Min_Heap_Size)
 *fill*         0x0000000020001708      0x200 
                0x0000000020001d08                . = (. + _Min_Stack_Size)
 *fill*         0x0000000020001908      0x400 
                0x0000000020001d08                . = ALIGN (0x8)

/DISCARD/
 libc.a(*)
 libm.a(*)
 libgcc.a(*)

.ARM.attributes
                0x0000000000000000       0x30
 *(.ARM.attributes)
 .ARM.attributes
                0x0000000000000000       0x1e C:/ST/STM32CubeIDE_1.13.0/STM32CubeIDE/plugins/com.st.stm32cube.ide.mcu.externaltools.gnu-tools-for-stm32.11.3.rel1.win32_1.1.0.202305231506/tools/bin/../lib/gcc/arm-none-eabi/11.3.1/thumb/v7e-m+fp/hard/crti.o
 .ARM.attributes